../Core/Src/Modbus.c:894:6:RxReadCoils	16	static
../Core/Src/Modbus.c:909:6:RxReadDescreteInputs	0	static
../Core/Src/Modbus.c:951:6:RxReadInputRegisters	0	static
../Core/Src/Modbus.c:966:6:RxWriteSingleCoil	0	static
../Core/Src/Modbus.c:1002:6:RxReadExceptionStatus	0	static
../Core/Src/Modbus.c:1017:6:RxDiagnostic	0	static
../Core/Src/Modbus.c:1032:6:RxGetComEventCounter	0	static
../Core/Src/Modbus.c:1047:6:RxGetComEventLog	0	static
../Core/Src/Modbus.c:1062:6:RxWriteMultipleCoils	0	static
../Core/Src/Modbus.c:1077:6:RxWriteMultipleRegisters	0	static
../Core/Src/Modbus.c:1092:6:RxReportSlaveID	0	static
../Core/Src/Modbus.c:1107:6:RxReadFileRecord	0	static
../Core/Src/Modbus.c:1122:6:RxWriteFileRecord	0	static
../Core/Src/Modbus.c:1137:6:RxMaskWriteRegister	0	static
../Core/Src/Modbus.c:1152:6:RxReadWriteMultipleRegisters	0	static
../Core/Src/Modbus.c:1167:6:RxReadFifoQueue	0	static
../Core/Src/Modbus.c:924:6:RxReadHoldingRegisters	32	static
../Core/Src/Modbus.c:981:6:RxWriteSingleRegister	24	static
../Core/Src/Modbus.c:1182:6:NullFunction	8	static
../Core/Src/Modbus.c:252:13:ModbusSend	272	static
../Core/Src/Modbus.c:188:17:Calculate16BitCRC.constprop	12	static
../Core/Src/Modbus.c:159:6:ModbusInit	48	static
../Core/Src/Modbus.c:221:10:GetCrossingSensors	0	static
../Core/Src/Modbus.c:229:10:GetCrossoverSensors	0	static
../Core/Src/Modbus.c:237:6:ModebusGetMessage	0	static
../Core/Src/Modbus.c:274:6:ModbusTask	32	static
../Core/Src/Modbus.c:575:6:ReadHoldingRegisters	8	static
../Core/Src/Modbus.c:391:6:ModbusPollSensorTask	24	static
../Core/Src/Modbus.c:634:6:WriteSingleRegister	8	static
