../Core/Src/stm32f4xx_it.c:113:6:NMI_Handler	0	static
../Core/Src/stm32f4xx_it.c:128:6:HardFault_Handler	0	static
../Core/Src/stm32f4xx_it.c:143:6:MemManage_Handler	0	static
../Core/Src/stm32f4xx_it.c:158:6:BusFault_Handler	0	static
../Core/Src/stm32f4xx_it.c:173:6:UsageFault_Handler	0	static
../Core/Src/stm32f4xx_it.c:188:6:SVC_Handler	0	static
../Core/Src/stm32f4xx_it.c:201:6:DebugMon_Handler	0	static
../Core/Src/stm32f4xx_it.c:214:6:PendSV_Handler	0	static,ignoring_inline_asm
../Core/Src/stm32f4xx_it.c:287:6:SysTick_Handler	8	static,ignoring_inline_asm
../Core/Src/stm32f4xx_it.c:314:6:DMA1_Stream2_IRQHandler	0	static
../Core/Src/stm32f4xx_it.c:328:6:TIM2_IRQHandler	0	static
../Core/Src/stm32f4xx_it.c:342:6:TIM3_IRQHandler	0	static
../Core/Src/stm32f4xx_it.c:356:6:USART3_IRQHandler	0	static
../Core/Src/stm32f4xx_it.c:370:6:UART4_IRQHandler	0	static
../Core/Src/stm32f4xx_it.c:384:6:ETH_IRQHandler	0	static
