../Core/Src/CommandPrompt.c:92:13:JumpToMain	4	static
../Core/Src/CommandPrompt.c:101:13:JumpToRun	4	static
../Core/Src/CommandPrompt.c:110:13:JumpToSD	4	static
../Core/Src/CommandPrompt.c:119:13:JumpToTest	4	static
../Core/Src/CommandPrompt.c:128:6:CommandPromptInit	8	static
../Core/Src/CommandPrompt.c:143:6:CommandPrompt	8	static
../Core/Src/CommandPrompt.c:158:13:MainMenuTask	40	static
../Core/Src/CommandPrompt.c:229:13:RunMenuTask	128	static
../Core/Src/CommandPrompt.c:319:13:GetCatFileName	24	static
../Core/Src/CommandPrompt.c:342:13:SDCardTask	40	static
../Core/Src/CommandPrompt.c:470:13:TestMenuTask	32	static
