../Core/Src/CommandPrompt.c:104:13:JumpToMain	0	static
../Core/Src/CommandPrompt.c:113:13:JumpToRun	0	static
../Core/Src/CommandPrompt.c:122:13:JumpToSD	0	static
../Core/Src/CommandPrompt.c:131:13:JumpToRTC	0	static
../Core/Src/CommandPrompt.c:140:13:JumpToTest	0	static
../Core/Src/CommandPrompt.c:355:13:GetCatFileName	4	static
../Core/Src/CommandPrompt.c:149:13:UART_3_SendString	16	static
../Core/Src/CommandPrompt.c:193:13:MainMenuTask	32	static
../Core/Src/CommandPrompt.c:673:13:TestMenuTask	24	static
../Core/Src/CommandPrompt.c:590:13:GetTime	64	static
../Core/Src/CommandPrompt.c:603:13:GetDate	48	static
../Core/Src/CommandPrompt.c:616:13:SetTime	40	static
../Core/Src/CommandPrompt.c:644:13:SetDate	24	static
../Core/Src/CommandPrompt.c:511:13:RtcMenuTask	24	static
../Core/Src/CommandPrompt.c:378:13:SDCardTask	32	static
../Core/Src/CommandPrompt.c:268:13:RunMenuTask	64	static
../Core/Src/CommandPrompt.c:169:6:CommandPrompt	8	static
