../Core/Src/KernalThread.c:109:23:PopNextPCB	0	static
../Core/Src/KernalThread.c:130:13:PushLastPCB	0	static
../Core/Src/KernalThread.c:157:28:InitialiseStack	0	static
../Core/Src/KernalThread.c:80:6:KernelTask	8	static
../Core/Src/KernalThread.c:68:13:ServerTask	8	static
../Core/Src/KernalThread.c:181:13:LoadProcess	24	static
../Core/Src/KernalThread.c:242:13:KernalThreadInit	8	static
../Core/Src/KernalThread.c:89:6:TimeToContextSwitch	8	static
../Core/Src/KernalThread.c:217:6:vTaskSwitchContext	8	static
../Core/Src/KernalThread.c:293:6:KernalTask	8	static,ignoring_inline_asm
