../Core/Src/KernalThread.c:73:13:ServerTask	8	static
../Core/Src/KernalThread.c:82:6:DisableContext	4	static
../Core/Src/KernalThread.c:90:6:EnableContext	4	static
../Core/Src/KernalThread.c:98:6:TimeToContextSwitch	4	static
../Core/Src/KernalThread.c:117:13:PopNextPCB	24	static
../Core/Src/KernalThread.c:140:13:PushLastPCB	24	static
../Core/Src/KernalThread.c:167:19:InitialiseStack	16	static
../Core/Src/KernalThread.c:192:13:LoadProcess	40	static
../Core/Src/KernalThread.c:227:6:vTaskSwitchContext	16	static,ignoring_inline_asm
../Core/Src/KernalThread.c:254:13:KernalThreadInit	8	static
../Core/Src/KernalThread.c:299:6:KernalTask	16	static
