../Core/Src/main.c:82:5:__io_putchar	16	static
../Core/Src/main.c:89:5:__io_getchar	16	static
../Core/Src/main.c:97:6:HAL_UART_TxCpltCallback	16	static
../Core/Src/main.c:109:6:HAL_UARTEx_RxEventCallback	16	static
../Core/Src/main.c:121:6:HAL_TIM_PeriodElapsedCallback	16	static
../Core/Src/main.c:134:6:HAL_SPI_TxCpltCallback	16	static
../Core/Src/main.c:142:6:HAL_SPI_RxCpltCallback	16	static
../Core/Src/main.c:155:5:main	8	static
../Core/Src/main.c:212:6:SystemClock_Config	88	static
../Core/Src/main.c:258:13:MX_CRC_Init	8	static
../Core/Src/main.c:284:13:MX_SPI1_Init	8	static
../Core/Src/main.c:322:13:MX_TIM2_Init	32	static
../Core/Src/main.c:367:13:MX_TIM3_Init	32	static
../Core/Src/main.c:412:13:MX_TIM4_Init	64	static
../Core/Src/main.c:471:13:MX_UART4_Init	8	static
../Core/Src/main.c:504:13:MX_USART3_UART_Init	8	static
../Core/Src/main.c:535:13:MX_DMA_Init	16	static
../Core/Src/main.c:553:13:MX_GPIO_Init	56	static
../Core/Src/main.c:645:6:Error_Handler	4	static,ignoring_inline_asm
