../Core/Src/main.c:83:5:__io_putchar	16	static
../Core/Src/main.c:90:5:__io_getchar	16	static
../Core/Src/main.c:98:6:HAL_UART_TxCpltCallback	16	static
../Core/Src/main.c:114:6:HAL_UART_RxCpltCallback	16	static
../Core/Src/main.c:130:6:HAL_UARTEx_RxEventCallback	16	static
../Core/Src/main.c:138:6:HAL_TIM_PeriodElapsedCallback	16	static
../Core/Src/main.c:155:6:HAL_SPI_TxCpltCallback	16	static
../Core/Src/main.c:163:6:HAL_SPI_RxCpltCallback	16	static
../Core/Src/main.c:177:5:main	8	static
../Core/Src/main.c:237:6:SystemClock_Config	88	static
../Core/Src/main.c:283:13:MX_CRC_Init	8	static
../Core/Src/main.c:309:13:MX_SPI1_Init	8	static
../Core/Src/main.c:347:13:MX_TIM2_Init	32	static
../Core/Src/main.c:392:13:MX_TIM3_Init	32	static
../Core/Src/main.c:437:13:MX_TIM4_Init	64	static
../Core/Src/main.c:496:13:MX_UART4_Init	8	static
../Core/Src/main.c:529:13:MX_USART3_UART_Init	8	static
../Core/Src/main.c:560:13:MX_DMA_Init	16	static
../Core/Src/main.c:578:13:MX_GPIO_Init	56	static
../Core/Src/main.c:666:6:Error_Handler	4	static,ignoring_inline_asm
