../Core/Src/Modbus.c:189:17:Calculate16BitCRC	4	static
../Core/Src/Modbus.c:939:6:RxReadCoils	16	static
../Core/Src/Modbus.c:954:6:RxReadDescreteInputs	16	static
../Core/Src/Modbus.c:969:6:RxReadHoldingRegisters	24	static
../Core/Src/Modbus.c:996:6:RxReadInputRegisters	16	static
../Core/Src/Modbus.c:1011:6:RxWriteSingleCoil	16	static
../Core/Src/Modbus.c:1026:6:RxWriteSingleRegister	16	static
../Core/Src/Modbus.c:1047:6:RxReadExceptionStatus	16	static
../Core/Src/Modbus.c:1062:6:RxDiagnostic	16	static
../Core/Src/Modbus.c:1077:6:RxGetComEventCounter	16	static
../Core/Src/Modbus.c:1092:6:RxGetComEventLog	16	static
../Core/Src/Modbus.c:1107:6:RxWriteMultipleCoils	16	static
../Core/Src/Modbus.c:1122:6:RxWriteMultipleRegisters	16	static
../Core/Src/Modbus.c:1137:6:RxReportSlaveID	16	static
../Core/Src/Modbus.c:1152:6:RxReadFileRecord	16	static
../Core/Src/Modbus.c:1167:6:RxWriteFileRecord	16	static
../Core/Src/Modbus.c:1182:6:RxMaskWriteRegister	16	static
../Core/Src/Modbus.c:1197:6:RxReadWriteMultipleRegisters	16	static
../Core/Src/Modbus.c:1212:6:RxReadFifoQueue	16	static
../Core/Src/Modbus.c:1227:6:NullFunction	8	static
../Core/Src/Modbus.c:253:13:ModbusSend	272	static
../Core/Src/Modbus.c:160:6:ModbusInit	40	static
../Core/Src/Modbus.c:222:10:ModbusGetCrossingSensors	0	static
../Core/Src/Modbus.c:230:10:ModbusGetCrossoverSensors	0	static
../Core/Src/Modbus.c:238:6:ModebusGetMessage	0	static
../Core/Src/Modbus.c:278:6:ModbusTask	16	static
../Core/Src/Modbus.c:620:6:ReadHoldingRegisters	8	static
../Core/Src/Modbus.c:392:6:ModbusReadSensors	64	static
../Core/Src/Modbus.c:437:6:ModbusPollSensorTask	16	static
../Core/Src/Modbus.c:679:6:WriteSingleRegister	8	static
