../Core/Src/Modbus.c:159:6:ModbusInit	40	static
../Core/Src/Modbus.c:191:17:Calculate16BitCRC	24	static
../Core/Src/Modbus.c:224:10:GetCrossingSensors	4	static
../Core/Src/Modbus.c:232:10:GetCrossoverSensors	4	static
../Core/Src/Modbus.c:240:6:ModebusGetMessage	16	static
../Core/Src/Modbus.c:255:13:ModbusSend	272	static
../Core/Src/Modbus.c:277:6:ModbusTask	16	static
../Core/Src/Modbus.c:394:6:ModbusPollTask	16	static
../Core/Src/Modbus.c:532:6:ReadCoils	16	static
../Core/Src/Modbus.c:553:6:ReadDescreteInputs	16	static
../Core/Src/Modbus.c:574:6:ReadHoldingRegisters	16	static
../Core/Src/Modbus.c:595:6:ReadInputRegisters	16	static
../Core/Src/Modbus.c:616:6:WriteSingleCoil	16	static
../Core/Src/Modbus.c:637:6:WriteSingleRegister	16	static
../Core/Src/Modbus.c:658:6:ReadExceptionStatus	16	static
../Core/Src/Modbus.c:675:6:Diagnostic	24	static
../Core/Src/Modbus.c:700:6:GetComEventCounter	16	static
../Core/Src/Modbus.c:717:6:GetComEventLog	16	static
../Core/Src/Modbus.c:734:6:WriteMultipleCoils	24	static
../Core/Src/Modbus.c:756:6:WriteMultipleRegisters	24	static
../Core/Src/Modbus.c:778:6:ReportSlaveID	16	static
../Core/Src/Modbus.c:795:6:ReadFileRecord	16	static
../Core/Src/Modbus.c:816:6:WriteFileRecord	16	static
../Core/Src/Modbus.c:833:6:MaskWriteRegister	24	static
../Core/Src/Modbus.c:856:6:ReadWriteMultipleRegisters	16	static
../Core/Src/Modbus.c:878:6:ReadFifoQueue	16	static
../Core/Src/Modbus.c:897:6:RxReadCoils	16	static
../Core/Src/Modbus.c:912:6:RxReadDescreteInputs	16	static
../Core/Src/Modbus.c:927:6:RxReadHoldingRegisters	16	static
../Core/Src/Modbus.c:954:6:RxReadInputRegisters	16	static
../Core/Src/Modbus.c:969:6:RxWriteSingleCoil	16	static
../Core/Src/Modbus.c:984:6:RxWriteSingleRegister	16	static
../Core/Src/Modbus.c:1005:6:RxReadExceptionStatus	16	static
../Core/Src/Modbus.c:1020:6:RxDiagnostic	16	static
../Core/Src/Modbus.c:1035:6:RxGetComEventCounter	16	static
../Core/Src/Modbus.c:1050:6:RxGetComEventLog	16	static
../Core/Src/Modbus.c:1065:6:RxWriteMultipleCoils	16	static
../Core/Src/Modbus.c:1080:6:RxWriteMultipleRegisters	16	static
../Core/Src/Modbus.c:1095:6:RxReportSlaveID	16	static
../Core/Src/Modbus.c:1110:6:RxReadFileRecord	16	static
../Core/Src/Modbus.c:1125:6:RxWriteFileRecord	16	static
../Core/Src/Modbus.c:1140:6:RxMaskWriteRegister	16	static
../Core/Src/Modbus.c:1155:6:RxReadWriteMultipleRegisters	16	static
../Core/Src/Modbus.c:1170:6:RxReadFifoQueue	16	static
../Core/Src/Modbus.c:1185:6:NullFunction	8	static
