../Core/Src/Modbus.c:160:6:ModbusInit	40	static
../Core/Src/Modbus.c:192:17:Calculate16BitCRC	24	static
../Core/Src/Modbus.c:225:10:GetCrossingSensors	4	static
../Core/Src/Modbus.c:233:10:GetCrossoverSensors	4	static
../Core/Src/Modbus.c:241:6:ModebusGetMessage	16	static
../Core/Src/Modbus.c:256:13:ModbusSend	272	static
../Core/Src/Modbus.c:278:6:ModbusTask	16	static
../Core/Src/Modbus.c:395:6:ModbusPollTask	16	static
../Core/Src/Modbus.c:533:6:ReadCoils	16	static
../Core/Src/Modbus.c:554:6:ReadDescreteInputs	16	static
../Core/Src/Modbus.c:575:6:ReadHoldingRegisters	16	static
../Core/Src/Modbus.c:596:6:ReadInputRegisters	16	static
../Core/Src/Modbus.c:617:6:WriteSingleCoil	16	static
../Core/Src/Modbus.c:638:6:WriteSingleRegister	16	static
../Core/Src/Modbus.c:659:6:ReadExceptionStatus	16	static
../Core/Src/Modbus.c:676:6:Diagnostic	24	static
../Core/Src/Modbus.c:701:6:GetComEventCounter	16	static
../Core/Src/Modbus.c:718:6:GetComEventLog	16	static
../Core/Src/Modbus.c:735:6:WriteMultipleCoils	24	static
../Core/Src/Modbus.c:757:6:WriteMultipleRegisters	24	static
../Core/Src/Modbus.c:779:6:ReportSlaveID	16	static
../Core/Src/Modbus.c:796:6:ReadFileRecord	16	static
../Core/Src/Modbus.c:817:6:WriteFileRecord	16	static
../Core/Src/Modbus.c:834:6:MaskWriteRegister	24	static
../Core/Src/Modbus.c:857:6:ReadWriteMultipleRegisters	16	static
../Core/Src/Modbus.c:879:6:ReadFifoQueue	16	static
../Core/Src/Modbus.c:898:6:RxReadCoils	16	static
../Core/Src/Modbus.c:913:6:RxReadDescreteInputs	16	static
../Core/Src/Modbus.c:928:6:RxReadHoldingRegisters	16	static
../Core/Src/Modbus.c:955:6:RxReadInputRegisters	16	static
../Core/Src/Modbus.c:970:6:RxWriteSingleCoil	16	static
../Core/Src/Modbus.c:985:6:RxWriteSingleRegister	16	static
../Core/Src/Modbus.c:1006:6:RxReadExceptionStatus	16	static
../Core/Src/Modbus.c:1021:6:RxDiagnostic	16	static
../Core/Src/Modbus.c:1036:6:RxGetComEventCounter	16	static
../Core/Src/Modbus.c:1051:6:RxGetComEventLog	16	static
../Core/Src/Modbus.c:1066:6:RxWriteMultipleCoils	16	static
../Core/Src/Modbus.c:1081:6:RxWriteMultipleRegisters	16	static
../Core/Src/Modbus.c:1096:6:RxReportSlaveID	16	static
../Core/Src/Modbus.c:1111:6:RxReadFileRecord	16	static
../Core/Src/Modbus.c:1126:6:RxWriteFileRecord	16	static
../Core/Src/Modbus.c:1141:6:RxMaskWriteRegister	16	static
../Core/Src/Modbus.c:1156:6:RxReadWriteMultipleRegisters	16	static
../Core/Src/Modbus.c:1171:6:RxReadFifoQueue	16	static
../Core/Src/Modbus.c:1186:6:NullFunction	8	static
