../Core/Src/Modbus.c:189:17:Calculate16BitCRC	4	static
../Core/Src/Modbus.c:275:17:ModbusParseInputs	8	static
../Core/Src/Modbus.c:547:6:NullFunction	0	static
../Core/Src/Modbus.c:548:6:RxReadCoils	0	static
../Core/Src/Modbus.c:549:6:RxReadDescreteInputs	0	static
../Core/Src/Modbus.c:550:6:RxReadInputRegisters	0	static
../Core/Src/Modbus.c:551:6:RxWriteSingleCoil	0	static
../Core/Src/Modbus.c:552:6:RxReadExceptionStatus	0	static
../Core/Src/Modbus.c:553:6:RxDiagnostic	0	static
../Core/Src/Modbus.c:554:6:RxGetComEventCounter	0	static
../Core/Src/Modbus.c:555:6:RxGetComEventLog	0	static
../Core/Src/Modbus.c:556:6:RxWriteMultipleCoils	0	static
../Core/Src/Modbus.c:557:6:RxWriteMultipleRegisters	0	static
../Core/Src/Modbus.c:558:6:RxReportSlaveID	0	static
../Core/Src/Modbus.c:559:6:RxReadFileRecord	0	static
../Core/Src/Modbus.c:560:6:RxWriteFileRecord	0	static
../Core/Src/Modbus.c:561:6:RxMaskWriteRegister	0	static
../Core/Src/Modbus.c:562:6:RxReadWriteMultipleRegisters	0	static
../Core/Src/Modbus.c:563:6:RxReadFifoQueue	0	static
../Core/Src/Modbus.c:568:6:RxReadHoldingRegisters	16	static
../Core/Src/Modbus.c:589:6:RxWriteSingleRegister	16	static
../Core/Src/Modbus.c:299:13:ModbusParseResponse	40	static
../Core/Src/Modbus.c:253:13:ModbusSend	272	static
../Core/Src/Modbus.c:160:6:ModbusInit	40	static
../Core/Src/Modbus.c:238:6:ModebusGetMessage	0	static
../Core/Src/Modbus.c:516:6:ReadHoldingRegisters	8	static
../Core/Src/Modbus.c:533:6:WriteSingleRegister	8	static
../Core/Src/Modbus.c:425:6:ModbusTask	56	static
