../Core/Src/Modbus.c:158:6:ModbusInit	40	static
../Core/Src/Modbus.c:190:17:Calculate16BitCRC	24	static
../Core/Src/Modbus.c:223:10:GetCrossingSensors	4	static
../Core/Src/Modbus.c:231:10:GetCrossoverSensors	4	static
../Core/Src/Modbus.c:239:6:ModebusGetMessage	16	static
../Core/Src/Modbus.c:254:13:ModbusSend	272	static
../Core/Src/Modbus.c:276:6:ModbusTask	16	static
../Core/Src/Modbus.c:393:6:ModbusPollTask	16	static
../Core/Src/Modbus.c:531:6:ReadCoils	16	static
../Core/Src/Modbus.c:552:6:ReadDescreteInputs	16	static
../Core/Src/Modbus.c:573:6:ReadHoldingRegisters	16	static
../Core/Src/Modbus.c:594:6:ReadInputRegisters	16	static
../Core/Src/Modbus.c:615:6:WriteSingleCoil	16	static
../Core/Src/Modbus.c:636:6:WriteSingleRegister	16	static
../Core/Src/Modbus.c:657:6:ReadExceptionStatus	16	static
../Core/Src/Modbus.c:674:6:Diagnostic	24	static
../Core/Src/Modbus.c:699:6:GetComEventCounter	16	static
../Core/Src/Modbus.c:716:6:GetComEventLog	16	static
../Core/Src/Modbus.c:733:6:WriteMultipleCoils	24	static
../Core/Src/Modbus.c:755:6:WriteMultipleRegisters	24	static
../Core/Src/Modbus.c:777:6:ReportSlaveID	16	static
../Core/Src/Modbus.c:794:6:ReadFileRecord	16	static
../Core/Src/Modbus.c:815:6:WriteFileRecord	16	static
../Core/Src/Modbus.c:832:6:MaskWriteRegister	24	static
../Core/Src/Modbus.c:855:6:ReadWriteMultipleRegisters	16	static
../Core/Src/Modbus.c:877:6:ReadFifoQueue	16	static
../Core/Src/Modbus.c:896:6:RxReadCoils	16	static
../Core/Src/Modbus.c:911:6:RxReadDescreteInputs	16	static
../Core/Src/Modbus.c:926:6:RxReadHoldingRegisters	16	static
../Core/Src/Modbus.c:953:6:RxReadInputRegisters	16	static
../Core/Src/Modbus.c:968:6:RxWriteSingleCoil	16	static
../Core/Src/Modbus.c:983:6:RxWriteSingleRegister	16	static
../Core/Src/Modbus.c:1004:6:RxReadExceptionStatus	16	static
../Core/Src/Modbus.c:1019:6:RxDiagnostic	16	static
../Core/Src/Modbus.c:1034:6:RxGetComEventCounter	16	static
../Core/Src/Modbus.c:1049:6:RxGetComEventLog	16	static
../Core/Src/Modbus.c:1064:6:RxWriteMultipleCoils	16	static
../Core/Src/Modbus.c:1079:6:RxWriteMultipleRegisters	16	static
../Core/Src/Modbus.c:1094:6:RxReportSlaveID	16	static
../Core/Src/Modbus.c:1109:6:RxReadFileRecord	16	static
../Core/Src/Modbus.c:1124:6:RxWriteFileRecord	16	static
../Core/Src/Modbus.c:1139:6:RxMaskWriteRegister	16	static
../Core/Src/Modbus.c:1154:6:RxReadWriteMultipleRegisters	16	static
../Core/Src/Modbus.c:1169:6:RxReadFifoQueue	16	static
../Core/Src/Modbus.c:1184:6:NullFunction	8	static
