../Core/Src/SoftTimers.c:26:6:SoftTimerInit	16	static
../Core/Src/SoftTimers.c:41:6:TimerParametersInit	16	static
../Core/Src/SoftTimers.c:51:9:RegisterTimer	24	static
../Core/Src/SoftTimers.c:74:6:StartTimer	32	static
../Core/Src/SoftTimers.c:108:6:CheckTimer	16	static
../Core/Src/SoftTimers.c:137:6:ReleaseTimer	16	static
../Core/Src/SoftTimers.c:157:13:SoftTimersBlinkBlueLED	8	static
../Core/Src/SoftTimers.c:165:13:SoftTimersOneShotTest	8	static
../Core/Src/SoftTimers.c:174:6:StartTimerTest	4	static
../Core/Src/SoftTimers.c:182:6:TimerTestComplete	4	static
../Core/Src/SoftTimers.c:195:6:TimerTask	56	static
../Core/Src/SoftTimers.c:291:6:TimerInterrupt	32	static
