../Core/Src/SoftTimers.c:27:6:SoftTimerInit	16	static
../Core/Src/SoftTimers.c:42:6:TimerParametersInit	16	static
../Core/Src/SoftTimers.c:52:9:RegisterTimer	24	static
../Core/Src/SoftTimers.c:75:6:StartTimer	32	static
../Core/Src/SoftTimers.c:109:6:CheckTimer	16	static
../Core/Src/SoftTimers.c:138:6:ReleaseTimer	16	static
../Core/Src/SoftTimers.c:158:13:SoftTimersBlinkBlueLED	8	static
../Core/Src/SoftTimers.c:166:13:SoftTimersOneShotTest	8	static
../Core/Src/SoftTimers.c:175:6:StartTimerTest	4	static
../Core/Src/SoftTimers.c:183:6:TimerTestComplete	4	static
../Core/Src/SoftTimers.c:196:6:TimerTask	56	static
../Core/Src/SoftTimers.c:292:6:TimerInterrupt	32	static
