../Core/Src/stm32f4xx_it.c:81:6:NMI_Handler	4	static
../Core/Src/stm32f4xx_it.c:96:6:HardFault_Handler	4	static
../Core/Src/stm32f4xx_it.c:111:6:MemManage_Handler	4	static
../Core/Src/stm32f4xx_it.c:126:6:BusFault_Handler	4	static
../Core/Src/stm32f4xx_it.c:141:6:UsageFault_Handler	4	static
../Core/Src/stm32f4xx_it.c:156:6:SVC_Handler	4	static
../Core/Src/stm32f4xx_it.c:169:6:DebugMon_Handler	4	static
../Core/Src/stm32f4xx_it.c:182:6:PendSV_Handler	4	static,ignoring_inline_asm
../Core/Src/stm32f4xx_it.c:241:6:SysTick_Handler	8	static,ignoring_inline_asm
../Core/Src/stm32f4xx_it.c:272:6:DMA1_Stream2_IRQHandler	8	static
../Core/Src/stm32f4xx_it.c:286:6:TIM2_IRQHandler	8	static
../Core/Src/stm32f4xx_it.c:300:6:TIM3_IRQHandler	8	static
../Core/Src/stm32f4xx_it.c:314:6:USART3_IRQHandler	8	static
../Core/Src/stm32f4xx_it.c:328:6:UART4_IRQHandler	8	static
../Core/Src/stm32f4xx_it.c:342:6:ETH_IRQHandler	8	static
