../Core/Src/stm32f4xx_it.c:113:6:NMI_Handler	4	static
../Core/Src/stm32f4xx_it.c:128:6:HardFault_Handler	4	static
../Core/Src/stm32f4xx_it.c:143:6:MemManage_Handler	4	static
../Core/Src/stm32f4xx_it.c:158:6:BusFault_Handler	4	static
../Core/Src/stm32f4xx_it.c:173:6:UsageFault_Handler	4	static
../Core/Src/stm32f4xx_it.c:188:6:SVC_Handler	4	static
../Core/Src/stm32f4xx_it.c:201:6:DebugMon_Handler	4	static
../Core/Src/stm32f4xx_it.c:214:6:PendSV_Handler	4	static,ignoring_inline_asm
../Core/Src/stm32f4xx_it.c:270:6:SysTick_Handler	8	static,ignoring_inline_asm
../Core/Src/stm32f4xx_it.c:297:6:DMA1_Stream2_IRQHandler	8	static
../Core/Src/stm32f4xx_it.c:311:6:TIM2_IRQHandler	8	static
../Core/Src/stm32f4xx_it.c:325:6:TIM3_IRQHandler	8	static
../Core/Src/stm32f4xx_it.c:339:6:USART3_IRQHandler	8	static
../Core/Src/stm32f4xx_it.c:353:6:UART4_IRQHandler	8	static
../Core/Src/stm32f4xx_it.c:367:6:ETH_IRQHandler	8	static
