Archive member included to satisfy reference by file (symbol)

C:/ST/STM32CubeIDE_1.10.1/STM32CubeIDE/plugins/com.st.stm32cube.ide.mcu.externaltools.gnu-tools-for-stm32.12.3.rel1.win32_1.0.100.202403111256/tools/bin/../lib/gcc/arm-none-eabi/12.3.1/../../../../arm-none-eabi/lib/thumb/v7e-m+fp/hard\libc_nano.a(libc_a-atoi.o)
                              ./Middlewares/Third_Party/LwIP/src/core/netif.o (atoi)
C:/ST/STM32CubeIDE_1.10.1/STM32CubeIDE/plugins/com.st.stm32cube.ide.mcu.externaltools.gnu-tools-for-stm32.12.3.rel1.win32_1.0.100.202403111256/tools/bin/../lib/gcc/arm-none-eabi/12.3.1/../../../../arm-none-eabi/lib/thumb/v7e-m+fp/hard\libc_nano.a(libc_a-exit.o)
                              C:/ST/STM32CubeIDE_1.10.1/STM32CubeIDE/plugins/com.st.stm32cube.ide.mcu.externaltools.gnu-tools-for-stm32.12.3.rel1.win32_1.0.100.202403111256/tools/bin/../lib/gcc/arm-none-eabi/12.3.1/../../../../arm-none-eabi/lib/thumb/v7e-m+fp/hard/crt0.o (exit)
C:/ST/STM32CubeIDE_1.10.1/STM32CubeIDE/plugins/com.st.stm32cube.ide.mcu.externaltools.gnu-tools-for-stm32.12.3.rel1.win32_1.0.100.202403111256/tools/bin/../lib/gcc/arm-none-eabi/12.3.1/../../../../arm-none-eabi/lib/thumb/v7e-m+fp/hard\libc_nano.a(libc_a-malloc.o)
                              ./Core/Src/CommandPrompt.o (malloc)
C:/ST/STM32CubeIDE_1.10.1/STM32CubeIDE/plugins/com.st.stm32cube.ide.mcu.externaltools.gnu-tools-for-stm32.12.3.rel1.win32_1.0.100.202403111256/tools/bin/../lib/gcc/arm-none-eabi/12.3.1/../../../../arm-none-eabi/lib/thumb/v7e-m+fp/hard\libc_nano.a(libc_a-mallocr.o)
                              C:/ST/STM32CubeIDE_1.10.1/STM32CubeIDE/plugins/com.st.stm32cube.ide.mcu.externaltools.gnu-tools-for-stm32.12.3.rel1.win32_1.0.100.202403111256/tools/bin/../lib/gcc/arm-none-eabi/12.3.1/../../../../arm-none-eabi/lib/thumb/v7e-m+fp/hard\libc_nano.a(libc_a-malloc.o) (_malloc_r)
C:/ST/STM32CubeIDE_1.10.1/STM32CubeIDE/plugins/com.st.stm32cube.ide.mcu.externaltools.gnu-tools-for-stm32.12.3.rel1.win32_1.0.100.202403111256/tools/bin/../lib/gcc/arm-none-eabi/12.3.1/../../../../arm-none-eabi/lib/thumb/v7e-m+fp/hard\libc_nano.a(libc_a-mlock.o)
                              C:/ST/STM32CubeIDE_1.10.1/STM32CubeIDE/plugins/com.st.stm32cube.ide.mcu.externaltools.gnu-tools-for-stm32.12.3.rel1.win32_1.0.100.202403111256/tools/bin/../lib/gcc/arm-none-eabi/12.3.1/../../../../arm-none-eabi/lib/thumb/v7e-m+fp/hard\libc_nano.a(libc_a-mallocr.o) (__malloc_lock)
C:/ST/STM32CubeIDE_1.10.1/STM32CubeIDE/plugins/com.st.stm32cube.ide.mcu.externaltools.gnu-tools-for-stm32.12.3.rel1.win32_1.0.100.202403111256/tools/bin/../lib/gcc/arm-none-eabi/12.3.1/../../../../arm-none-eabi/lib/thumb/v7e-m+fp/hard\libc_nano.a(libc_a-rand.o)
                              ./Middlewares/Third_Party/LwIP/src/core/tcp.o (rand)
C:/ST/STM32CubeIDE_1.10.1/STM32CubeIDE/plugins/com.st.stm32cube.ide.mcu.externaltools.gnu-tools-for-stm32.12.3.rel1.win32_1.0.100.202403111256/tools/bin/../lib/gcc/arm-none-eabi/12.3.1/../../../../arm-none-eabi/lib/thumb/v7e-m+fp/hard\libc_nano.a(libc_a-strtol.o)
                              C:/ST/STM32CubeIDE_1.10.1/STM32CubeIDE/plugins/com.st.stm32cube.ide.mcu.externaltools.gnu-tools-for-stm32.12.3.rel1.win32_1.0.100.202403111256/tools/bin/../lib/gcc/arm-none-eabi/12.3.1/../../../../arm-none-eabi/lib/thumb/v7e-m+fp/hard\libc_nano.a(libc_a-atoi.o) (_strtol_r)
C:/ST/STM32CubeIDE_1.10.1/STM32CubeIDE/plugins/com.st.stm32cube.ide.mcu.externaltools.gnu-tools-for-stm32.12.3.rel1.win32_1.0.100.202403111256/tools/bin/../lib/gcc/arm-none-eabi/12.3.1/../../../../arm-none-eabi/lib/thumb/v7e-m+fp/hard\libc_nano.a(libc_a-ctype_.o)
                              ./Core/Src/Disk/FileSystem.o (_ctype_)
C:/ST/STM32CubeIDE_1.10.1/STM32CubeIDE/plugins/com.st.stm32cube.ide.mcu.externaltools.gnu-tools-for-stm32.12.3.rel1.win32_1.0.100.202403111256/tools/bin/../lib/gcc/arm-none-eabi/12.3.1/../../../../arm-none-eabi/lib/thumb/v7e-m+fp/hard\libc_nano.a(libc_a-findfp.o)
                              C:/ST/STM32CubeIDE_1.10.1/STM32CubeIDE/plugins/com.st.stm32cube.ide.mcu.externaltools.gnu-tools-for-stm32.12.3.rel1.win32_1.0.100.202403111256/tools/bin/../lib/gcc/arm-none-eabi/12.3.1/../../../../arm-none-eabi/lib/thumb/v7e-m+fp/hard\libc_nano.a(libc_a-exit.o) (__stdio_exit_handler)
C:/ST/STM32CubeIDE_1.10.1/STM32CubeIDE/plugins/com.st.stm32cube.ide.mcu.externaltools.gnu-tools-for-stm32.12.3.rel1.win32_1.0.100.202403111256/tools/bin/../lib/gcc/arm-none-eabi/12.3.1/../../../../arm-none-eabi/lib/thumb/v7e-m+fp/hard\libc_nano.a(libc_a-fwalk.o)
                              C:/ST/STM32CubeIDE_1.10.1/STM32CubeIDE/plugins/com.st.stm32cube.ide.mcu.externaltools.gnu-tools-for-stm32.12.3.rel1.win32_1.0.100.202403111256/tools/bin/../lib/gcc/arm-none-eabi/12.3.1/../../../../arm-none-eabi/lib/thumb/v7e-m+fp/hard\libc_nano.a(libc_a-findfp.o) (_fwalk_sglue)
[...]
Memory Configuration

Name             Origin             Length             Attributes
CCMRAM           0x10000000         0x00010000         xrw
RAM              0x20000000         0x00030000         xrw
FLASH            0x08000000         0x00200000         xr
*default*        0x00000000         0xffffffff

Linker script and memory map

LOAD C:/ST/STM32CubeIDE_1.10.1/STM32CubeIDE/plugins/com.st.stm32cube.ide.mcu.externaltools.gnu-tools-for-stm32.12.3.rel1.win32_1.0.100.202403111256/tools/bin/../lib/gcc/arm-none-eabi/12.3.1/thumb/v7e-m+fp/hard/crti.o
LOAD C:/ST/STM32CubeIDE_1.10.1/STM32CubeIDE/plugins/com.st.stm32cube.ide.mcu.externaltools.gnu-tools-for-stm32.12.3.rel1.win32_1.0.100.202403111256/tools/bin/../lib/gcc/arm-none-eabi/12.3.1/thumb/v7e-m+fp/hard/crtbegin.o
LOAD C:/ST/STM32CubeIDE_1.10.1/STM32CubeIDE/plugins/com.st.stm32cube.ide.mcu.externaltools.gnu-tools-for-stm32.12.3.rel1.win32_1.0.100.202403111256/tools/bin/../lib/gcc/arm-none-eabi/12.3.1/../../../../arm-none-eabi/lib/thumb/v7e-m+fp/hard/crt0.o
LOAD ./Core/Src/CommandPrompt.o
LOAD ./Core/Src/Event.o
LOAD ./Core/Src/FIFO.o
LOAD ./Core/Src/HeartbeatTask.o
LOAD ./Core/Src/KernalThread.o
LOAD ./Core/Src/MailBag.o
LOAD ./Core/Src/Modbus.o
LOAD ./Core/Src/Mutex.o
LOAD ./Core/Src/RS485.o
LOAD ./Core/Src/RealTimeClock.o
LOAD ./Core/Src/SoftTimers.o
LOAD ./Core/Src/main.o
LOAD ./Core/Src/stm32f4xx_hal_msp.o
LOAD ./Core/Src/stm32f4xx_it.o
LOAD ./Core/Src/syscalls.o
LOAD ./Core/Src/sysmem.o
LOAD ./Core/Src/system_stm32f4xx.o
LOAD ./Core/Src/Disk/Boot.o
LOAD ./Core/Src/Disk/Directories.o
LOAD ./Core/Src/Disk/FATSystem.o
LOAD ./Core/Src/Disk/FileSystem.o
LOAD ./Core/Src/Disk/SD_Card.o
LOAD ./Core/Src/Disk/SPI.o
LOAD ./Core/Src/Network/http_cgi.o
LOAD ./Core/Src/Network/http_ssi.o
LOAD ./Core/Src/UserApps/CrossingTask.o
LOAD ./Core/Src/UserApps/PowerControlTask.o
LOAD ./Core/Src/UserApps/SwitchPowerTask.o
LOAD ./Core/Startup/startup_stm32f429zitx.o
LOAD ./Core/ThreadSafe/newlib_lock_glue.o
LOAD ./Drivers/BSP/Components/lan8742/lan8742.o
LOAD ./Drivers/STM32F4xx_HAL_Driver/Src/stm32f4xx_hal.o
LOAD ./Drivers/STM32F4xx_HAL_Driver/Src/stm32f4xx_hal_cortex.o
LOAD ./Drivers/STM32F4xx_HAL_Driver/Src/stm32f4xx_hal_crc.o
LOAD ./Drivers/STM32F4xx_HAL_Driver/Src/stm32f4xx_hal_dma.o
LOAD ./Drivers/STM32F4xx_HAL_Driver/Src/stm32f4xx_hal_dma_ex.o
LOAD ./Drivers/STM32F4xx_HAL_Driver/Src/stm32f4xx_hal_eth.o
LOAD ./Drivers/STM32F4xx_HAL_Driver/Src/stm32f4xx_hal_exti.o
LOAD ./Drivers/STM32F4xx_HAL_Driver/Src/stm32f4xx_hal_flash.o
LOAD ./Drivers/STM32F4xx_HAL_Driver/Src/stm32f4xx_hal_flash_ex.o
LOAD ./Drivers/STM32F4xx_HAL_Driver/Src/stm32f4xx_hal_flash_ramfunc.o
LOAD ./Drivers/STM32F4xx_HAL_Driver/Src/stm32f4xx_hal_gpio.o
LOAD ./Drivers/STM32F4xx_HAL_Driver/Src/stm32f4xx_hal_pwr.o
LOAD ./Drivers/STM32F4xx_HAL_Driver/Src/stm32f4xx_hal_pwr_ex.o
LOAD ./Drivers/STM32F4xx_HAL_Driver/Src/stm32f4xx_hal_rcc.o
LOAD ./Drivers/STM32F4xx_HAL_Driver/Src/stm32f4xx_hal_rcc_ex.o
LOAD ./Drivers/STM32F4xx_HAL_Driver/Src/stm32f4xx_hal_spi.o
LOAD ./Drivers/STM32F4xx_HAL_Driver/Src/stm32f4xx_hal_tim.o
LOAD ./Drivers/STM32F4xx_HAL_Driver/Src/stm32f4xx_hal_tim_ex.o
LOAD ./Drivers/STM32F4xx_HAL_Driver/Src/stm32f4xx_hal_uart.o
LOAD ./LWIP/App/lwip.o
LOAD ./LWIP/Target/ethernetif.o
LOAD ./Middlewares/Third_Party/LwIP/src/api/api_lib.o
LOAD ./Middlewares/Third_Party/LwIP/src/api/api_msg.o
LOAD ./Middlewares/Third_Party/LwIP/src/api/err.o
LOAD ./Middlewares/Third_Party/LwIP/src/api/if_api.o
LOAD ./Middlewares/Third_Party/LwIP/src/api/netbuf.o
LOAD ./Middlewares/Third_Party/LwIP/src/api/netdb.o
LOAD ./Middlewares/Third_Party/LwIP/src/api/netifapi.o
LOAD ./Middlewares/Third_Party/LwIP/src/api/sockets.o
LOAD ./Middlewares/Third_Party/LwIP/src/api/tcpip.o
LOAD ./Middlewares/Third_Party/LwIP/src/apps/http/fs.o
LOAD ./Middlewares/Third_Party/LwIP/src/apps/http/httpd.o
LOAD ./Middlewares/Third_Party/LwIP/src/apps/mqtt/mqtt.o
LOAD ./Middlewares/Third_Party/LwIP/src/core/altcp.o
LOAD ./Middlewares/Third_Party/LwIP/src/core/altcp_alloc.o
LOAD ./Middlewares/Third_Party/LwIP/src/core/altcp_tcp.o
LOAD ./Middlewares/Third_Party/LwIP/src/core/def.o
LOAD ./Middlewares/Third_Party/LwIP/src/core/dns.o
LOAD ./Middlewares/Third_Party/LwIP/src/core/inet_chksum.o
LOAD ./Middlewares/Third_Party/LwIP/src/core/init.o
LOAD ./Middlewares/Third_Party/LwIP/src/core/ip.o
LOAD ./Middlewares/Third_Party/LwIP/src/core/mem.o
LOAD ./Middlewares/Third_Party/LwIP/src/core/memp.o
LOAD ./Middlewares/Third_Party/LwIP/src/core/netif.o
LOAD ./Middlewares/Third_Party/LwIP/src/core/pbuf.o
LOAD ./Middlewares/Third_Party/LwIP/src/core/raw.o
LOAD ./Middlewares/Third_Party/LwIP/src/core/stats.o
LOAD ./Middlewares/Third_Party/LwIP/src/core/sys.o
LOAD ./Middlewares/Third_Party/LwIP/src/core/tcp.o
LOAD ./Middlewares/Third_Party/LwIP/src/core/tcp_in.o
LOAD ./Middlewares/Third_Party/LwIP/src/core/tcp_out.o
LOAD ./Middlewares/Third_Party/LwIP/src/core/timeouts.o
LOAD ./Middlewares/Third_Party/LwIP/src/core/udp.o
LOAD ./Middlewares/Third_Party/LwIP/src/core/ipv4/autoip.o
LOAD ./Middlewares/Third_Party/LwIP/src/core/ipv4/dhcp.o
LOAD ./Middlewares/Third_Party/LwIP/src/core/ipv4/etharp.o
LOAD ./Middlewares/Third_Party/LwIP/src/core/ipv4/icmp.o
LOAD ./Middlewares/Third_Party/LwIP/src/core/ipv4/igmp.o
LOAD ./Middlewares/Third_Party/LwIP/src/core/ipv4/ip4.o
LOAD ./Middlewares/Third_Party/LwIP/src/core/ipv4/ip4_addr.o
LOAD ./Middlewares/Third_Party/LwIP/src/core/ipv4/ip4_frag.o
LOAD ./Middlewares/Third_Party/LwIP/src/core/ipv6/dhcp6.o
LOAD ./Middlewares/Third_Party/LwIP/src/core/ipv6/ethip6.o
LOAD ./Middlewares/Third_Party/LwIP/src/core/ipv6/icmp6.o
LOAD ./Middlewares/Third_Party/LwIP/src/core/ipv6/inet6.o
LOAD ./Middlewares/Third_Party/LwIP/src/core/ipv6/ip6.o
LOAD ./Middlewares/Third_Party/LwIP/src/core/ipv6/ip6_addr.o
LOAD ./Middlewares/Third_Party/LwIP/src/core/ipv6/ip6_frag.o
LOAD ./Middlewares/Third_Party/LwIP/src/core/ipv6/mld6.o
LOAD ./Middlewares/Third_Party/LwIP/src/core/ipv6/nd6.o
LOAD ./Middlewares/Third_Party/LwIP/src/netif/bridgeif.o
LOAD ./Middlewares/Third_Party/LwIP/src/netif/bridgeif_fdb.o
LOAD ./Middlewares/Third_Party/LwIP/src/netif/ethernet.o
LOAD ./Middlewares/Third_Party/LwIP/src/netif/lowpan6.o
LOAD ./Middlewares/Third_Party/LwIP/src/netif/lowpan6_ble.o
LOAD ./Middlewares/Third_Party/LwIP/src/netif/lowpan6_common.o
LOAD ./Middlewares/Third_Party/LwIP/src/netif/slipif.o
LOAD ./Middlewares/Third_Party/LwIP/src/netif/zepif.o
LOAD ./Middlewares/Third_Party/LwIP/src/netif/ppp/auth.o
LOAD ./Middlewares/Third_Party/LwIP/src/netif/ppp/ccp.o
LOAD ./Middlewares/Third_Party/LwIP/src/netif/ppp/chap-md5.o
LOAD ./Middlewares/Third_Party/LwIP/src/netif/ppp/chap-new.o
LOAD ./Middlewares/Third_Party/LwIP/src/netif/ppp/chap_ms.o
LOAD ./Middlewares/Third_Party/LwIP/src/netif/ppp/demand.o
LOAD ./Middlewares/Third_Party/LwIP/src/netif/ppp/eap.o
LOAD ./Middlewares/Third_Party/LwIP/src/netif/ppp/ecp.o
LOAD ./Middlewares/Third_Party/LwIP/src/netif/ppp/eui64.o
LOAD ./Middlewares/Third_Party/LwIP/src/netif/ppp/fsm.o
LOAD ./Middlewares/Third_Party/LwIP/src/netif/ppp/ipcp.o
LOAD ./Middlewares/Third_Party/LwIP/src/netif/ppp/ipv6cp.o
LOAD ./Middlewares/Third_Party/LwIP/src/netif/ppp/lcp.o
LOAD ./Middlewares/Third_Party/LwIP/src/netif/ppp/magic.o
LOAD ./Middlewares/Third_Party/LwIP/src/netif/ppp/mppe.o
LOAD ./Middlewares/Third_Party/LwIP/src/netif/ppp/multilink.o
LOAD ./Middlewares/Third_Party/LwIP/src/netif/ppp/ppp.o
LOAD ./Middlewares/Third_Party/LwIP/src/netif/ppp/pppapi.o
LOAD ./Middlewares/Third_Party/LwIP/src/netif/ppp/pppcrypt.o
LOAD ./Middlewares/Third_Party/LwIP/src/netif/ppp/pppoe.o
LOAD ./Middlewares/Third_Party/LwIP/src/netif/ppp/pppol2tp.o
LOAD ./Middlewares/Third_Party/LwIP/src/netif/ppp/pppos.o
LOAD ./Middlewares/Third_Party/LwIP/src/netif/ppp/upap.o
LOAD ./Middlewares/Third_Party/LwIP/src/netif/ppp/utils.o
LOAD ./Middlewares/Third_Party/LwIP/src/netif/ppp/vj.o
START GROUP
LOAD C:/ST/STM32CubeIDE_1.10.1/STM32CubeIDE/plugins/com.st.stm32cube.ide.mcu.externaltools.gnu-tools-for-stm32.12.3.rel1.win32_1.0.100.202403111256/tools/bin/../lib/gcc/arm-none-eabi/12.3.1/../../../../arm-none-eabi/lib/thumb/v7e-m+fp/hard\libc_nano.a
LOAD C:/ST/STM32CubeIDE_1.10.1/STM32CubeIDE/plugins/com.st.stm32cube.ide.mcu.externaltools.gnu-tools-for-stm32.12.3.rel1.win32_1.0.100.202403111256/tools/bin/../lib/gcc/arm-none-eabi/12.3.1/../../../../arm-none-eabi/lib/thumb/v7e-m+fp/hard\libm.a
END GROUP
START GROUP
LOAD C:/ST/STM32CubeIDE_1.10.1/STM32CubeIDE/plugins/com.st.stm32cube.ide.mcu.externaltools.gnu-tools-for-stm32.12.3.rel1.win32_1.0.100.202403111256/tools/bin/../lib/gcc/arm-none-eabi/12.3.1/thumb/v7e-m+fp/hard\libgcc.a
LOAD C:/ST/STM32CubeIDE_1.10.1/STM32CubeIDE/plugins/com.st.stm32cube.ide.mcu.externaltools.gnu-tools-for-stm32.12.3.rel1.win32_1.0.100.202403111256/tools/bin/../lib/gcc/arm-none-eabi/12.3.1/../../../../arm-none-eabi/lib/thumb/v7e-m+fp/hard\libc_nano.a
END GROUP
START GROUP
LOAD C:/ST/STM32CubeIDE_1.10.1/STM32CubeIDE/plugins/com.st.stm32cube.ide.mcu.externaltools.gnu-tools-for-stm32.12.3.rel1.win32_1.0.100.202403111256/tools/bin/../lib/gcc/arm-none-eabi/12.3.1/thumb/v7e-m+fp/hard\libgcc.a
LOAD C:/ST/STM32CubeIDE_1.10.1/STM32CubeIDE/plugins/com.st.stm32cube.ide.mcu.externaltools.gnu-tools-for-stm32.12.3.rel1.win32_1.0.100.202403111256/tools/bin/../lib/gcc/arm-none-eabi/12.3.1/../../../../arm-none-eabi/lib/thumb/v7e-m+fp/hard\libc_nano.a
LOAD C:/ST/STM32CubeIDE_1.10.1/STM32CubeIDE/plugins/com.st.stm32cube.ide.mcu.externaltools.gnu-tools-for-stm32.12.3.rel1.win32_1.0.100.202403111256/tools/bin/../lib/gcc/arm-none-eabi/12.3.1/../../../../arm-none-eabi/lib/thumb/v7e-m+fp/hard\libnosys.a
END GROUP
START GROUP
LOAD C:/ST/STM32CubeIDE_1.10.1/STM32CubeIDE/plugins/com.st.stm32cube.ide.mcu.externaltools.gnu-tools-for-stm32.12.3.rel1.win32_1.0.100.202403111256/tools/bin/../lib/gcc/arm-none-eabi/12.3.1/thumb/v7e-m+fp/hard\libgcc.a
LOAD C:/ST/STM32CubeIDE_1.10.1/STM32CubeIDE/plugins/com.st.stm32cube.ide.mcu.externaltools.gnu-tools-for-stm32.12.3.rel1.win32_1.0.100.202403111256/tools/bin/../lib/gcc/arm-none-eabi/12.3.1/../../../../arm-none-eabi/lib/thumb/v7e-m+fp/hard\libc_nano.a
LOAD C:/ST/STM32CubeIDE_1.10.1/STM32CubeIDE/plugins/com.st.stm32cube.ide.mcu.externaltools.gnu-tools-for-stm32.12.3.rel1.win32_1.0.100.202403111256/tools/bin/../lib/gcc/arm-none-eabi/12.3.1/../../../../arm-none-eabi/lib/thumb/v7e-m+fp/hard\libnosys.a
END GROUP
LOAD C:/ST/STM32CubeIDE_1.10.1/STM32CubeIDE/plugins/com.st.stm32cube.ide.mcu.externaltools.gnu-tools-for-stm32.12.3.rel1.win32_1.0.100.202403111256/tools/bin/../lib/gcc/arm-none-eabi/12.3.1/thumb/v7e-m+fp/hard/crtend.o
LOAD C:/ST/STM32CubeIDE_1.10.1/STM32CubeIDE/plugins/com.st.stm32cube.ide.mcu.externaltools.gnu-tools-for-stm32.12.3.rel1.win32_1.0.100.202403111256/tools/bin/../lib/gcc/arm-none-eabi/12.3.1/thumb/v7e-m+fp/hard/crtn.o
                0x20030000                        _estack = (ORIGIN (RAM) + LENGTH (RAM))
                0x00000200                        _Min_Heap_Size = 0x200
                0x00000400                        _Min_Stack_Size = 0x400

.isr_vector     0x08000000      0x1ac
                0x08000000                        . = ALIGN (0x4)
 *(.isr_vector)
 .isr_vector    0x08000000      0x1ac ./Core/Startup/startup_stm32f429zitx.o
                0x08000000                g_pfnVectors
                0x080001ac                        . = ALIGN (0x4)

.text           0x080001b0     0xa44c
                0x080001b0                        . = ALIGN (0x4)
 *(.text)
 .text          0x080001b0       0x40 C:/ST/STM32CubeIDE_1.10.1/STM32CubeIDE/plugins/com.st.stm32cube.ide.mcu.externaltools.gnu-tools-for-stm32.12.3.rel1.win32_1.0.100.202403111256/tools/bin/../lib/gcc/arm-none-eabi/12.3.1/thumb/v7e-m+fp/hard/crtbegin.o
 .text          0x080001f0       0xa0 C:/ST/STM32CubeIDE_1.10.1/STM32CubeIDE/plugins/com.st.stm32cube.ide.mcu.externaltools.gnu-tools-for-stm32.12.3.rel1.win32_1.0.100.202403111256/tools/bin/../lib/gcc/arm-none-eabi/12.3.1/../../../../arm-none-eabi/lib/thumb/v7e-m+fp/hard\libc_nano.a(libc_a-memchr.o)
                0x080001f0                memchr
 .text          0x08000290       0x30 C:/ST/STM32CubeIDE_1.10.1/STM32CubeIDE/plugins/com.st.stm32cube.ide.mcu.externaltools.gnu-tools-for-stm32.12.3.rel1.win32_1.0.100.202403111256/tools/bin/../lib/gcc/arm-none-eabi/12.3.1/thumb/v7e-m+fp/hard\libgcc.a(_aeabi_uldivmod.o)
                0x08000290                __aeabi_uldivmod
 .text          0x080002c0      0x2bc C:/ST/STM32CubeIDE_1.10.1/STM32CubeIDE/plugins/com.st.stm32cube.ide.mcu.externaltools.gnu-tools-for-stm32.12.3.rel1.win32_1.0.100.202403111256/tools/bin/../lib/gcc/arm-none-eabi/12.3.1/thumb/v7e-m+fp/hard\libgcc.a(_udivmoddi4.o)
                0x080002c0                __udivmoddi4
 .text          0x0800057c        0x4 C:/ST/STM32CubeIDE_1.10.1/STM32CubeIDE/plugins/com.st.stm32cube.ide.mcu.externaltools.gnu-tools-for-stm32.12.3.rel1.win32_1.0.100.202403111256/tools/bin/../lib/gcc/arm-none-eabi/12.3.1/thumb/v7e-m+fp/hard\libgcc.a(_dvmd_tls.o)
                0x0800057c                __aeabi_idiv0
                0x0800057c                __aeabi_ldiv0
 *(.text*)
 .text.HeartbeatTask1
                0x08000580       0x54 ./Core/Src/HeartbeatTask.o
                0x08000580                HeartbeatTask1
 .text.HeartbeatTask2
                0x080005d4       0x50 ./Core/Src/HeartbeatTask.o
                0x080005d4                HeartbeatTask2
 .text.KernelTask
                0x08000624        0x2 ./Core/Src/KernalThread.o
                0x08000624                KernelTask
 *fill*         0x08000626        0x2 
 .text.PushLastPCB
                0x08000628       0x24 ./Core/Src/KernalThread.o
 .text.TimeToContextSwitch
                0x0800064c       0x3c ./Core/Src/KernalThread.o
                0x0800064c                TimeToContextSwitch
 .text.vTaskSwitchContext
                0x08000688       0x44 ./Core/Src/KernalThread.o
                0x08000688                vTaskSwitchContext
 .text.KernalTask
                0x080006cc      0x128 ./Core/Src/KernalThread.o
                0x080006cc                KernalTask
 .text.MutexInit
                0x080007f4       0x18 ./Core/Src/Mutex.o
                0x080007f4                MutexInit
 .text.RS485TxInterrupt
                0x0800080c       0x10 ./Core/Src/RS485.o
                0x0800080c                RS485TxInterrupt
 .text.RS485RxInterrupt
                0x0800081c       0x30 ./Core/Src/RS485.o
                0x0800081c                RS485RxInterrupt
 .text.TimerInterrupt
                0x0800084c       0x50 ./Core/Src/SoftTimers.o
                0x0800084c                TimerInterrupt
 .text.__io_putchar
                0x0800089c       0x20 ./Core/Src/main.o
                0x0800089c                __io_putchar
 .text.__io_getchar
                0x080008bc       0x2c ./Core/Src/main.o
                0x080008bc                __io_getchar
 .text.HAL_UART_TxCpltCallback
                0x080008e8       0x14 ./Core/Src/main.o
                0x080008e8                HAL_UART_TxCpltCallback
 .text.HAL_UARTEx_RxEventCallback
                0x080008fc       0x18 ./Core/Src/main.o
                0x080008fc                HAL_UARTEx_RxEventCallback
 .text.HAL_TIM_PeriodElapsedCallback
                0x08000914       0x14 ./Core/Src/main.o
                0x08000914                HAL_TIM_PeriodElapsedCallback
 .text.SystemClock_Config
                0x08000928       0xa4 ./Core/Src/main.o
                0x08000928                SystemClock_Config
 .text.startup.main
                0x080009cc      0x3b4 ./Core/Src/main.o
                0x080009cc                main
 .text.Error_Handler
                0x08000d80        0x4 ./Core/Src/main.o
                0x08000d80                Error_Handler
 .text.HAL_MspInit
                0x08000d84       0x50 ./Core/Src/stm32f4xx_hal_msp.o
                0x08000d84                HAL_MspInit
 .text.HAL_CRC_MspInit
                0x08000dd4       0x30 ./Core/Src/stm32f4xx_hal_msp.o
                0x08000dd4                HAL_CRC_MspInit
 .text.HAL_SPI_MspInit
                0x08000e04       0x98 ./Core/Src/stm32f4xx_hal_msp.o
                0x08000e04                HAL_SPI_MspInit
 .text.HAL_TIM_Base_MspInit
                0x08000e9c       0x94 ./Core/Src/stm32f4xx_hal_msp.o
                0x08000e9c                HAL_TIM_Base_MspInit
 .text.HAL_TIM_MspPostInit
                0x08000f30       0x54 ./Core/Src/stm32f4xx_hal_msp.o
                0x08000f30                HAL_TIM_MspPostInit
 .text.HAL_UART_MspInit
                0x08000f84      0x150 ./Core/Src/stm32f4xx_hal_msp.o
                0x08000f84                HAL_UART_MspInit
 .text.NMI_Handler
                0x080010d4        0x2 ./Core/Src/stm32f4xx_it.o
                0x080010d4                NMI_Handler
 .text.HardFault_Handler
                0x080010d6        0x2 ./Core/Src/stm32f4xx_it.o
                0x080010d6                HardFault_Handler
 .text.MemManage_Handler
                0x080010d8        0x2 ./Core/Src/stm32f4xx_it.o
                0x080010d8                MemManage_Handler
 .text.BusFault_Handler
                0x080010da        0x2 ./Core/Src/stm32f4xx_it.o
                0x080010da                BusFault_Handler
 .text.UsageFault_Handler
                0x080010dc        0x2 ./Core/Src/stm32f4xx_it.o
                0x080010dc                UsageFault_Handler
 .text.SVC_Handler
                0x080010de        0x2 ./Core/Src/stm32f4xx_it.o
                0x080010de                SVC_Handler
 .text.DebugMon_Handler
                0x080010e0        0x2 ./Core/Src/stm32f4xx_it.o
                0x080010e0                DebugMon_Handler
 *fill*         0x080010e2        0xe 
 .text.PendSV_Handler
                0x080010f0       0x88 ./Core/Src/stm32f4xx_it.o
                0x080010f0                PendSV_Handler
 .text.SysTick_Handler
                0x08001178       0x38 ./Core/Src/stm32f4xx_it.o
                0x08001178                SysTick_Handler
 .text.DMA1_Stream2_IRQHandler
                0x080011b0        0xc ./Core/Src/stm32f4xx_it.o
                0x080011b0                DMA1_Stream2_IRQHandler
 .text.TIM2_IRQHandler
                0x080011bc        0xc ./Core/Src/stm32f4xx_it.o
                0x080011bc                TIM2_IRQHandler
 .text.TIM3_IRQHandler
                0x080011c8        0xc ./Core/Src/stm32f4xx_it.o
                0x080011c8                TIM3_IRQHandler
 .text.USART3_IRQHandler
                0x080011d4        0xc ./Core/Src/stm32f4xx_it.o
                0x080011d4                USART3_IRQHandler
 .text.UART4_IRQHandler
                0x080011e0        0xc ./Core/Src/stm32f4xx_it.o
                0x080011e0                UART4_IRQHandler
 .text.ETH_IRQHandler
                0x080011ec        0xc ./Core/Src/stm32f4xx_it.o
                0x080011ec                ETH_IRQHandler
 .text._getpid  0x080011f8        0x4 ./Core/Src/syscalls.o
                0x080011f8                _getpid
 .text._kill    0x080011fc       0x10 ./Core/Src/syscalls.o
                0x080011fc                _kill
 .text._exit    0x0800120c        0xc ./Core/Src/syscalls.o
                0x0800120c                _exit
 .text._read    0x08001218       0x1c ./Core/Src/syscalls.o
                0x08001218                _read
 .text._write   0x08001234       0x1c ./Core/Src/syscalls.o
                0x08001234                _write
 .text._close   0x08001250        0x6 ./Core/Src/syscalls.o
                0x08001250                _close
 .text._fstat   0x08001256        0xa ./Core/Src/syscalls.o
                0x08001256                _fstat
 .text._isatty  0x08001260        0x4 ./Core/Src/syscalls.o
                0x08001260                _isatty
 .text._lseek   0x08001264        0x4 ./Core/Src/syscalls.o
                0x08001264                _lseek
 .text._sbrk    0x08001268       0x40 ./Core/Src/sysmem.o
                0x08001268                _sbrk
 .text.SystemInit
                0x080012a8       0x14 ./Core/Src/system_stm32f4xx.o
                0x080012a8                SystemInit
 .text.Reset_Handler
                0x080012bc       0x50 ./Core/Startup/startup_stm32f429zitx.o
                0x080012bc                Reset_Handler
 .text.Default_Handler
                0x0800130c        0x2 ./Core/Startup/startup_stm32f429zitx.o
                0x0800130c                RTC_Alarm_IRQHandler
                0x0800130c                HASH_RNG_IRQHandler
                0x0800130c                EXTI2_IRQHandler
                0x0800130c                TIM8_CC_IRQHandler
                0x0800130c                UART8_IRQHandler
                0x0800130c                SPI4_IRQHandler
                0x0800130c                TIM1_CC_IRQHandler
                0x0800130c                DMA2_Stream5_IRQHandler
                0x0800130c                DMA1_Stream5_IRQHandler
                0x0800130c                PVD_IRQHandler
                0x0800130c                SDIO_IRQHandler
                0x0800130c                TAMP_STAMP_IRQHandler
                0x0800130c                CAN2_RX1_IRQHandler
                0x0800130c                EXTI3_IRQHandler
                0x0800130c                TIM8_TRG_COM_TIM14_IRQHandler
                0x0800130c                TIM1_UP_TIM10_IRQHandler
                0x0800130c                TIM8_UP_TIM13_IRQHandler
                0x0800130c                I2C3_ER_IRQHandler
                0x0800130c                EXTI0_IRQHandler
                0x0800130c                I2C2_EV_IRQHandler
                0x0800130c                CAN1_RX0_IRQHandler
                0x0800130c                FPU_IRQHandler
                0x0800130c                OTG_HS_WKUP_IRQHandler
                0x0800130c                LTDC_ER_IRQHandler
                0x0800130c                CAN2_SCE_IRQHandler
                0x0800130c                DMA2_Stream2_IRQHandler
                0x0800130c                SPI1_IRQHandler
                0x0800130c                TIM6_DAC_IRQHandler
                0x0800130c                TIM1_BRK_TIM9_IRQHandler
                0x0800130c                DCMI_IRQHandler
                0x0800130c                CAN2_RX0_IRQHandler
                0x0800130c                DMA2_Stream3_IRQHandler
                0x0800130c                USART6_IRQHandler
                0x0800130c                CAN1_RX1_IRQHandler
                0x0800130c                UART5_IRQHandler
                0x0800130c                DMA2_Stream0_IRQHandler
                0x0800130c                TIM4_IRQHandler
                0x0800130c                I2C1_EV_IRQHandler
                0x0800130c                DMA1_Stream6_IRQHandler
                0x0800130c                DMA1_Stream1_IRQHandler
                0x0800130c                RCC_IRQHandler
                0x0800130c                TIM8_BRK_TIM12_IRQHandler
                0x0800130c                Default_Handler
                0x0800130c                EXTI15_10_IRQHandler
                0x0800130c                ADC_IRQHandler
                0x0800130c                DMA1_Stream7_IRQHandler
                0x0800130c                SPI5_IRQHandler
                0x0800130c                TIM7_IRQHandler
                0x0800130c                CAN2_TX_IRQHandler
                0x0800130c                TIM5_IRQHandler
                0x0800130c                DMA2_Stream7_IRQHandler
                0x0800130c                I2C3_EV_IRQHandler
                0x0800130c                EXTI9_5_IRQHandler
                0x0800130c                RTC_WKUP_IRQHandler
                0x0800130c                LTDC_IRQHandler
                0x0800130c                ETH_WKUP_IRQHandler
                0x0800130c                SPI2_IRQHandler
                0x0800130c                OTG_HS_EP1_IN_IRQHandler
                0x0800130c                DMA1_Stream0_IRQHandler
                0x0800130c                CAN1_TX_IRQHandler
                0x0800130c                EXTI4_IRQHandler
                0x0800130c                OTG_HS_EP1_OUT_IRQHandler
                0x0800130c                WWDG_IRQHandler
                0x0800130c                SPI6_IRQHandler
                0x0800130c                OTG_FS_WKUP_IRQHandler
                0x0800130c                TIM1_TRG_COM_TIM11_IRQHandler
                0x0800130c                OTG_HS_IRQHandler
                0x0800130c                DMA2D_IRQHandler
                0x0800130c                EXTI1_IRQHandler
                0x0800130c                UART7_IRQHandler
                0x0800130c                USART2_IRQHandler
                0x0800130c                I2C2_ER_IRQHandler
                0x0800130c                DMA2_Stream1_IRQHandler
                0x0800130c                CAN1_SCE_IRQHandler
                0x0800130c                FLASH_IRQHandler
                0x0800130c                DMA2_Stream4_IRQHandler
                0x0800130c                USART1_IRQHandler
                0x0800130c                OTG_FS_IRQHandler
                0x0800130c                SPI3_IRQHandler
                0x0800130c                DMA1_Stream4_IRQHandler
                0x0800130c                I2C1_ER_IRQHandler
                0x0800130c                FMC_IRQHandler
                0x0800130c                DMA2_Stream6_IRQHandler
                0x0800130c                SAI1_IRQHandler
                0x0800130c                DMA1_Stream3_IRQHandler
 .text.stm32_lock_acquire.part.0
                0x0800130e        0xa ./Core/ThreadSafe/newlib_lock_glue.o
 .text.stm32_lock_acquire
                0x08001318       0x28 ./Core/ThreadSafe/newlib_lock_glue.o
 .text.stm32_lock_release
                0x08001340       0x1e ./Core/ThreadSafe/newlib_lock_glue.o
 *fill*         0x0800135e        0x2 
 .text.__retarget_lock_init_recursive
                0x08001360       0x28 ./Core/ThreadSafe/newlib_lock_glue.o
                0x08001360                __retarget_lock_init_recursive
 .text.__retarget_lock_acquire
                0x08001388       0x10 ./Core/ThreadSafe/newlib_lock_glue.o
                0x08001388                __retarget_lock_acquire
 .text.__retarget_lock_acquire_recursive
                0x08001398        0x4 ./Core/ThreadSafe/newlib_lock_glue.o
                0x08001398                __retarget_lock_acquire_recursive
 .text.__retarget_lock_release
                0x0800139c       0x14 ./Core/ThreadSafe/newlib_lock_glue.o
                0x0800139c                __retarget_lock_release
 .text.__retarget_lock_release_recursive
                0x080013b0        0x4 ./Core/ThreadSafe/newlib_lock_glue.o
                0x080013b0                __retarget_lock_release_recursive
 .text.LAN8742_RegisterBusIO
                0x080013b4       0x28 ./Drivers/BSP/Components/lan8742/lan8742.o
                0x080013b4                LAN8742_RegisterBusIO
 .text.LAN8742_Init
                0x080013dc       0xc2 ./Drivers/BSP/Components/lan8742/lan8742.o
                0x080013dc                LAN8742_Init
 .text.LAN8742_GetLinkState
                0x0800149e       0x94 ./Drivers/BSP/Components/lan8742/lan8742.o
                0x0800149e                LAN8742_GetLinkState
 *fill*         0x08001532        0x2 
 .text.HAL_InitTick
                0x08001534       0x48 ./Drivers/STM32F4xx_HAL_Driver/Src/stm32f4xx_hal.o
                0x08001534                HAL_InitTick
 .text.HAL_Init
                0x0800157c       0x34 ./Drivers/STM32F4xx_HAL_Driver/Src/stm32f4xx_hal.o
                0x0800157c                HAL_Init
 .text.HAL_IncTick
                0x080015b0       0x18 ./Drivers/STM32F4xx_HAL_Driver/Src/stm32f4xx_hal.o
                0x080015b0                HAL_IncTick
 .text.HAL_GetTick
                0x080015c8        0xc ./Drivers/STM32F4xx_HAL_Driver/Src/stm32f4xx_hal.o
                0x080015c8                HAL_GetTick
 .text.HAL_Delay
                0x080015d4       0x28 ./Drivers/STM32F4xx_HAL_Driver/Src/stm32f4xx_hal.o
                0x080015d4                HAL_Delay
 .text.HAL_NVIC_SetPriorityGrouping
                0x080015fc       0x24 ./Drivers/STM32F4xx_HAL_Driver/Src/stm32f4xx_hal_cortex.o
                0x080015fc                HAL_NVIC_SetPriorityGrouping
 .text.HAL_NVIC_SetPriority
                0x08001620       0x64 ./Drivers/STM32F4xx_HAL_Driver/Src/stm32f4xx_hal_cortex.o
                0x08001620                HAL_NVIC_SetPriority
 .text.HAL_NVIC_EnableIRQ
                0x08001684       0x1c ./Drivers/STM32F4xx_HAL_Driver/Src/stm32f4xx_hal_cortex.o
                0x08001684                HAL_NVIC_EnableIRQ
 .text.HAL_SYSTICK_Config
                0x080016a0       0x28 ./Drivers/STM32F4xx_HAL_Driver/Src/stm32f4xx_hal_cortex.o
                0x080016a0                HAL_SYSTICK_Config
 .text.HAL_CRC_Init
                0x080016c8       0x20 ./Drivers/STM32F4xx_HAL_Driver/Src/stm32f4xx_hal_crc.o
                0x080016c8                HAL_CRC_Init
 .text.DMA_CalcBaseAndBitshift
                0x080016e8       0x2c ./Drivers/STM32F4xx_HAL_Driver/Src/stm32f4xx_hal_dma.o
 .text.HAL_DMA_Init
                0x08001714       0xfc ./Drivers/STM32F4xx_HAL_Driver/Src/stm32f4xx_hal_dma.o
                0x08001714                HAL_DMA_Init
 .text.HAL_DMA_Abort
                0x08001810       0x7c ./Drivers/STM32F4xx_HAL_Driver/Src/stm32f4xx_hal_dma.o
                0x08001810                HAL_DMA_Abort
 .text.HAL_DMA_Abort_IT
                0x0800188c       0x24 ./Drivers/STM32F4xx_HAL_Driver/Src/stm32f4xx_hal_dma.o
                0x0800188c                HAL_DMA_Abort_IT
 .text.HAL_DMA_IRQHandler
                0x080018b0      0x17c ./Drivers/STM32F4xx_HAL_Driver/Src/stm32f4xx_hal_dma.o
                0x080018b0                HAL_DMA_IRQHandler
 .text.ETH_Prepare_Tx_Descriptors
                0x08001a2c      0x150 ./Drivers/STM32F4xx_HAL_Driver/Src/stm32f4xx_hal_eth.o
 .text.ETH_SetMACConfig
                0x08001b7c       0xe4 ./Drivers/STM32F4xx_HAL_Driver/Src/stm32f4xx_hal_eth.o
 .text.ETH_SetDMAConfig
                0x08001c60       0xa4 ./Drivers/STM32F4xx_HAL_Driver/Src/stm32f4xx_hal_eth.o
 .text.ETH_FlushTransmitFIFO
                0x08001d04       0x2e ./Drivers/STM32F4xx_HAL_Driver/Src/stm32f4xx_hal_eth.o
 *fill*         0x08001d32        0x2 
 .text.ETH_UpdateDescriptor
                0x08001d34       0x8c ./Drivers/STM32F4xx_HAL_Driver/Src/stm32f4xx_hal_eth.o
 .text.HAL_ETH_Init
                0x08001dc0      0x1d4 ./Drivers/STM32F4xx_HAL_Driver/Src/stm32f4xx_hal_eth.o
                0x08001dc0                HAL_ETH_Init
 .text.HAL_ETH_Start
                0x08001f94       0x6c ./Drivers/STM32F4xx_HAL_Driver/Src/stm32f4xx_hal_eth.o
                0x08001f94                HAL_ETH_Start
 .text.HAL_ETH_Stop
                0x08002000       0x64 ./Drivers/STM32F4xx_HAL_Driver/Src/stm32f4xx_hal_eth.o
                0x08002000                HAL_ETH_Stop
 .text.HAL_ETH_Transmit
                0x08002064       0xac ./Drivers/STM32F4xx_HAL_Driver/Src/stm32f4xx_hal_eth.o
                0x08002064                HAL_ETH_Transmit
 .text.HAL_ETH_TxCpltCallback
                0x08002110        0x2 ./Drivers/STM32F4xx_HAL_Driver/Src/stm32f4xx_hal_eth.o
                0x08002110                HAL_ETH_TxCpltCallback
 .text.HAL_ETH_RxCpltCallback
                0x08002112        0x2 ./Drivers/STM32F4xx_HAL_Driver/Src/stm32f4xx_hal_eth.o
                0x08002112                HAL_ETH_RxCpltCallback
 .text.HAL_ETH_ErrorCallback
                0x08002114        0x2 ./Drivers/STM32F4xx_HAL_Driver/Src/stm32f4xx_hal_eth.o
                0x08002114                HAL_ETH_ErrorCallback
 .text.HAL_ETH_PMTCallback
                0x08002116        0x2 ./Drivers/STM32F4xx_HAL_Driver/Src/stm32f4xx_hal_eth.o
                0x08002116                HAL_ETH_PMTCallback
 .text.HAL_ETH_WakeUpCallback
                0x08002118        0x2 ./Drivers/STM32F4xx_HAL_Driver/Src/stm32f4xx_hal_eth.o
                0x08002118                HAL_ETH_WakeUpCallback
 *fill*         0x0800211a        0x2 
 .text.HAL_ETH_IRQHandler
                0x0800211c       0xd8 ./Drivers/STM32F4xx_HAL_Driver/Src/stm32f4xx_hal_eth.o
                0x0800211c                HAL_ETH_IRQHandler
 .text.HAL_ETH_ReadPHYRegister
                0x080021f4       0x4e ./Drivers/STM32F4xx_HAL_Driver/Src/stm32f4xx_hal_eth.o
                0x080021f4                HAL_ETH_ReadPHYRegister
 .text.HAL_ETH_WritePHYRegister
                0x08002242       0x48 ./Drivers/STM32F4xx_HAL_Driver/Src/stm32f4xx_hal_eth.o
                0x08002242                HAL_ETH_WritePHYRegister
 .text.HAL_ETH_GetMACConfig
                0x0800228a       0xc4 ./Drivers/STM32F4xx_HAL_Driver/Src/stm32f4xx_hal_eth.o
                0x0800228a                HAL_ETH_GetMACConfig
 .text.HAL_ETH_SetMACConfig
                0x0800234e       0x18 ./Drivers/STM32F4xx_HAL_Driver/Src/stm32f4xx_hal_eth.o
                0x0800234e                HAL_ETH_SetMACConfig
 *fill*         0x08002366        0x2 
 .text.HAL_ETH_SetMDIOClockRange
                0x08002368       0x74 ./Drivers/STM32F4xx_HAL_Driver/Src/stm32f4xx_hal_eth.o
                0x08002368                HAL_ETH_SetMDIOClockRange
 .text.HAL_GPIO_Init
                0x080023dc      0x1c8 ./Drivers/STM32F4xx_HAL_Driver/Src/stm32f4xx_hal_gpio.o
                0x080023dc                HAL_GPIO_Init
 .text.HAL_GPIO_WritePin
                0x080025a4        0xa ./Drivers/STM32F4xx_HAL_Driver/Src/stm32f4xx_hal_gpio.o
                0x080025a4                HAL_GPIO_WritePin
 .text.HAL_GPIO_TogglePin
                0x080025ae       0x12 ./Drivers/STM32F4xx_HAL_Driver/Src/stm32f4xx_hal_gpio.o
                0x080025ae                HAL_GPIO_TogglePin
 .text.HAL_RCC_OscConfig
                0x080025c0      0x35c ./Drivers/STM32F4xx_HAL_Driver/Src/stm32f4xx_hal_rcc.o
                0x080025c0                HAL_RCC_OscConfig
 .text.HAL_RCC_GetSysClockFreq
                0x0800291c       0x5c ./Drivers/STM32F4xx_HAL_Driver/Src/stm32f4xx_hal_rcc.o
                0x0800291c                HAL_RCC_GetSysClockFreq
 .text.HAL_RCC_ClockConfig
                0x08002978      0x134 ./Drivers/STM32F4xx_HAL_Driver/Src/stm32f4xx_hal_rcc.o
                0x08002978                HAL_RCC_ClockConfig
 .text.HAL_RCC_GetHCLKFreq
                0x08002aac        0xc ./Drivers/STM32F4xx_HAL_Driver/Src/stm32f4xx_hal_rcc.o
                0x08002aac                HAL_RCC_GetHCLKFreq
 .text.HAL_RCC_GetPCLK1Freq
                0x08002ab8       0x20 ./Drivers/STM32F4xx_HAL_Driver/Src/stm32f4xx_hal_rcc.o
                0x08002ab8                HAL_RCC_GetPCLK1Freq
 .text.HAL_RCC_GetPCLK2Freq
                0x08002ad8       0x20 ./Drivers/STM32F4xx_HAL_Driver/Src/stm32f4xx_hal_rcc.o
                0x08002ad8                HAL_RCC_GetPCLK2Freq
 .text.HAL_SPI_Init
                0x08002af8       0xb8 ./Drivers/STM32F4xx_HAL_Driver/Src/stm32f4xx_hal_spi.o
                0x08002af8                HAL_SPI_Init
 .text.TIM_OC1_SetConfig
                0x08002bb0       0x64 ./Drivers/STM32F4xx_HAL_Driver/Src/stm32f4xx_hal_tim.o
 .text.TIM_OC3_SetConfig
                0x08002c14       0x6c ./Drivers/STM32F4xx_HAL_Driver/Src/stm32f4xx_hal_tim.o
 .text.TIM_OC4_SetConfig
                0x08002c80       0x4c ./Drivers/STM32F4xx_HAL_Driver/Src/stm32f4xx_hal_tim.o
 .text.HAL_TIM_PWM_MspInit
                0x08002ccc        0x2 ./Drivers/STM32F4xx_HAL_Driver/Src/stm32f4xx_hal_tim.o
                0x08002ccc                HAL_TIM_PWM_MspInit
 .text.HAL_TIM_OC_DelayElapsedCallback
                0x08002cce        0x2 ./Drivers/STM32F4xx_HAL_Driver/Src/stm32f4xx_hal_tim.o
                0x08002cce                HAL_TIM_OC_DelayElapsedCallback
 .text.HAL_TIM_IC_CaptureCallback
                0x08002cd0        0x2 ./Drivers/STM32F4xx_HAL_Driver/Src/stm32f4xx_hal_tim.o
                0x08002cd0                HAL_TIM_IC_CaptureCallback
 .text.HAL_TIM_PWM_PulseFinishedCallback
                0x08002cd2        0x2 ./Drivers/STM32F4xx_HAL_Driver/Src/stm32f4xx_hal_tim.o
                0x08002cd2                HAL_TIM_PWM_PulseFinishedCallback
 .text.HAL_TIM_TriggerCallback
                0x08002cd4        0x2 ./Drivers/STM32F4xx_HAL_Driver/Src/stm32f4xx_hal_tim.o
                0x08002cd4                HAL_TIM_TriggerCallback
 .text.HAL_TIM_IRQHandler
                0x08002cd6      0x128 ./Drivers/STM32F4xx_HAL_Driver/Src/stm32f4xx_hal_tim.o
                0x08002cd6                HAL_TIM_IRQHandler
 *fill*         0x08002dfe        0x2 
 .text.TIM_Base_SetConfig
                0x08002e00       0xd8 ./Drivers/STM32F4xx_HAL_Driver/Src/stm32f4xx_hal_tim.o
                0x08002e00                TIM_Base_SetConfig
 .text.HAL_TIM_Base_Init
                0x08002ed8       0x58 ./Drivers/STM32F4xx_HAL_Driver/Src/stm32f4xx_hal_tim.o
                0x08002ed8                HAL_TIM_Base_Init
 .text.HAL_TIM_PWM_Init
                0x08002f30       0x58 ./Drivers/STM32F4xx_HAL_Driver/Src/stm32f4xx_hal_tim.o
                0x08002f30                HAL_TIM_PWM_Init
 .text.TIM_OC2_SetConfig
                0x08002f88       0x6c ./Drivers/STM32F4xx_HAL_Driver/Src/stm32f4xx_hal_tim.o
                0x08002f88                TIM_OC2_SetConfig
 .text.HAL_TIM_PWM_ConfigChannel
                0x08002ff4       0xb0 ./Drivers/STM32F4xx_HAL_Driver/Src/stm32f4xx_hal_tim.o
                0x08002ff4                HAL_TIM_PWM_ConfigChannel
 .text.TIM_ETR_SetConfig
                0x080030a4       0x14 ./Drivers/STM32F4xx_HAL_Driver/Src/stm32f4xx_hal_tim.o
                0x080030a4                TIM_ETR_SetConfig
 .text.HAL_TIM_ConfigClockSource
                0x080030b8      0x132 ./Drivers/STM32F4xx_HAL_Driver/Src/stm32f4xx_hal_tim.o
                0x080030b8                HAL_TIM_ConfigClockSource
 *fill*         0x080031ea        0x2 
 .text.HAL_TIMEx_MasterConfigSynchronization
                0x080031ec       0x7c ./Drivers/STM32F4xx_HAL_Driver/Src/stm32f4xx_hal_tim_ex.o
                0x080031ec                HAL_TIMEx_MasterConfigSynchronization
 .text.HAL_TIMEx_CommutCallback
                0x08003268        0x2 ./Drivers/STM32F4xx_HAL_Driver/Src/stm32f4xx_hal_tim_ex.o
                0x08003268                HAL_TIMEx_CommutCallback
 .text.HAL_TIMEx_BreakCallback
                0x0800326a        0x2 ./Drivers/STM32F4xx_HAL_Driver/Src/stm32f4xx_hal_tim_ex.o
                0x0800326a                HAL_TIMEx_BreakCallback
 .text.UART_EndRxTransfer
                0x0800326c       0x5c ./Drivers/STM32F4xx_HAL_Driver/Src/stm32f4xx_hal_uart.o
 .text.UART_SetConfig
                0x080032c8       0xbc ./Drivers/STM32F4xx_HAL_Driver/Src/stm32f4xx_hal_uart.o
 .text.UART_WaitOnFlagUntilTimeout.constprop.0
                0x08003384       0x64 ./Drivers/STM32F4xx_HAL_Driver/Src/stm32f4xx_hal_uart.o
 .text.HAL_UART_Init
                0x080033e8       0x5e ./Drivers/STM32F4xx_HAL_Driver/Src/stm32f4xx_hal_uart.o
                0x080033e8                HAL_UART_Init
 .text.HAL_UART_Transmit
                0x08003446       0x9c ./Drivers/STM32F4xx_HAL_Driver/Src/stm32f4xx_hal_uart.o
                0x08003446                HAL_UART_Transmit
 .text.HAL_UART_Receive
                0x080034e2       0xae ./Drivers/STM32F4xx_HAL_Driver/Src/stm32f4xx_hal_uart.o
                0x080034e2                HAL_UART_Receive
 .text.HAL_UART_RxCpltCallback
                0x08003590        0x2 ./Drivers/STM32F4xx_HAL_Driver/Src/stm32f4xx_hal_uart.o
                0x08003590                HAL_UART_RxCpltCallback
 .text.HAL_UART_ErrorCallback
                0x08003592        0x2 ./Drivers/STM32F4xx_HAL_Driver/Src/stm32f4xx_hal_uart.o
                0x08003592                HAL_UART_ErrorCallback
 .text.UART_DMAAbortOnError
                0x08003594       0x10 ./Drivers/STM32F4xx_HAL_Driver/Src/stm32f4xx_hal_uart.o
 .text.UART_Receive_IT.isra.0
                0x080035a4       0xb6 ./Drivers/STM32F4xx_HAL_Driver/Src/stm32f4xx_hal_uart.o
 *fill*         0x0800365a        0x2 
 .text.HAL_UART_IRQHandler
                0x0800365c      0x294 ./Drivers/STM32F4xx_HAL_Driver/Src/stm32f4xx_hal_uart.o
                0x0800365c                HAL_UART_IRQHandler
 .text.ethernet_link_status_updated
                0x080038f0        0x2 ./LWIP/App/lwip.o
 *fill*         0x080038f2        0x2 
 .text.MX_LWIP_Init
                0x080038f4       0x98 ./LWIP/App/lwip.o
                0x080038f4                MX_LWIP_Init
 .text.ETH_PHY_IO_DeInit
                0x0800398c        0x4 ./LWIP/Target/ethernetif.o
                0x0800398c                ETH_PHY_IO_DeInit
 .text.low_level_output
                0x08003990       0x60 ./LWIP/Target/ethernetif.o
 .text.pbuf_free_custom
                0x080039f0       0x20 ./LWIP/Target/ethernetif.o
                0x080039f0                pbuf_free_custom
 .text.ETH_PHY_IO_GetTick
                0x08003a10        0x4 ./LWIP/Target/ethernetif.o
                0x08003a10                ETH_PHY_IO_GetTick
 .text.ETH_PHY_IO_Init
                0x08003a14       0x10 ./LWIP/Target/ethernetif.o
                0x08003a14                ETH_PHY_IO_Init
 .text.ETH_PHY_IO_ReadReg
                0x08003a24       0x1c ./LWIP/Target/ethernetif.o
                0x08003a24                ETH_PHY_IO_ReadReg
 .text.ETH_PHY_IO_WriteReg
                0x08003a40       0x1c ./LWIP/Target/ethernetif.o
                0x08003a40                ETH_PHY_IO_WriteReg
 .text.sys_now  0x08003a5c        0x4 ./LWIP/Target/ethernetif.o
                0x08003a5c                sys_now
 .text.HAL_ETH_MspInit
                0x08003a60      0x12c ./LWIP/Target/ethernetif.o
                0x08003a60                HAL_ETH_MspInit
 .text.ethernet_link_check_state
                0x08003b8c       0x8c ./LWIP/Target/ethernetif.o
                0x08003b8c                ethernet_link_check_state
 .text.ethernetif_init
                0x08003c18      0x108 ./LWIP/Target/ethernetif.o
                0x08003c18                ethernetif_init
 .text.HAL_ETH_RxAllocateCallback
                0x08003d20       0x44 ./LWIP/Target/ethernetif.o
                0x08003d20                HAL_ETH_RxAllocateCallback
 .text.lwip_htons
                0x08003d64        0x6 ./Middlewares/Third_Party/LwIP/src/core/def.o
                0x08003d64                lwip_htons
 .text.lwip_htonl
                0x08003d6a        0x4 ./Middlewares/Third_Party/LwIP/src/core/def.o
                0x08003d6a                lwip_htonl
 .text.lwip_init
                0x08003d6e       0x1e ./Middlewares/Third_Party/LwIP/src/core/init.o
                0x08003d6e                lwip_init
 .text.mem_init
                0x08003d8c       0x44 ./Middlewares/Third_Party/LwIP/src/core/mem.o
                0x08003d8c                mem_init
 .text.mem_free
                0x08003dd0      0x16c ./Middlewares/Third_Party/LwIP/src/core/mem.o
                0x08003dd0                mem_free
 .text.mem_trim
                0x08003f3c      0x148 ./Middlewares/Third_Party/LwIP/src/core/mem.o
                0x08003f3c                mem_trim
 .text.mem_malloc
                0x08004084      0x144 ./Middlewares/Third_Party/LwIP/src/core/mem.o
                0x08004084                mem_malloc
 .text.do_memp_free_pool
                0x080041c8       0x30 ./Middlewares/Third_Party/LwIP/src/core/memp.o
 .text.do_memp_malloc_pool.isra.0
                0x080041f8       0x2c ./Middlewares/Third_Party/LwIP/src/core/memp.o
 .text.memp_init_pool
                0x08004224       0x26 ./Middlewares/Third_Party/LwIP/src/core/memp.o
                0x08004224                memp_init_pool
 *fill*         0x0800424a        0x2 
 .text.memp_init
                0x0800424c       0x1c ./Middlewares/Third_Party/LwIP/src/core/memp.o
                0x0800424c                memp_init
 .text.memp_malloc_pool
                0x08004268       0x30 ./Middlewares/Third_Party/LwIP/src/core/memp.o
                0x08004268                memp_malloc_pool
 .text.memp_malloc
                0x08004298       0x38 ./Middlewares/Third_Party/LwIP/src/core/memp.o
                0x08004298                memp_malloc
 .text.memp_free_pool
                0x080042d0       0x24 ./Middlewares/Third_Party/LwIP/src/core/memp.o
                0x080042d0                memp_free_pool
 .text.memp_free
                0x080042f4       0x30 ./Middlewares/Third_Party/LwIP/src/core/memp.o
                0x080042f4                memp_free
 .text.netif_null_output_ip4
                0x08004324        0x6 ./Middlewares/Third_Party/LwIP/src/core/netif.o
 *fill*         0x0800432a        0x2 
 .text.netif_issue_reports
                0x0800432c       0x44 ./Middlewares/Third_Party/LwIP/src/core/netif.o
 .text.netif_do_set_ipaddr.isra.0
                0x08004370       0x34 ./Middlewares/Third_Party/LwIP/src/core/netif.o
 .text.netif_init
                0x080043a4        0x2 ./Middlewares/Third_Party/LwIP/src/core/netif.o
                0x080043a4                netif_init
 *fill*         0x080043a6        0x2 
 .text.netif_set_addr
                0x080043a8       0x58 ./Middlewares/Third_Party/LwIP/src/core/netif.o
                0x080043a8                netif_set_addr
 .text.netif_add
                0x08004400      0x118 ./Middlewares/Third_Party/LwIP/src/core/netif.o
                0x08004400                netif_add
 .text.netif_set_default
                0x08004518        0xc ./Middlewares/Third_Party/LwIP/src/core/netif.o
                0x08004518                netif_set_default
 .text.netif_set_up
                0x08004524       0x34 ./Middlewares/Third_Party/LwIP/src/core/netif.o
                0x08004524                netif_set_up
 .text.netif_set_down
                0x08004558       0x38 ./Middlewares/Third_Party/LwIP/src/core/netif.o
                0x08004558                netif_set_down
 .text.netif_set_link_up
                0x08004590       0x48 ./Middlewares/Third_Party/LwIP/src/core/netif.o
                0x08004590                netif_set_link_up
 .text.netif_set_link_down
                0x080045d8       0x34 ./Middlewares/Third_Party/LwIP/src/core/netif.o
                0x080045d8                netif_set_link_down
 .text.netif_set_link_callback
                0x0800460c        0x6 ./Middlewares/Third_Party/LwIP/src/core/netif.o
                0x0800460c                netif_set_link_callback
 *fill*         0x08004612        0x2 
 .text.netif_get_by_index
                0x08004614       0x24 ./Middlewares/Third_Party/LwIP/src/core/netif.o
                0x08004614                netif_get_by_index
 .text.pbuf_add_header_impl
                0x08004638       0x68 ./Middlewares/Third_Party/LwIP/src/core/pbuf.o
 .text.pbuf_alloc_reference
                0x080046a0       0x48 ./Middlewares/Third_Party/LwIP/src/core/pbuf.o
                0x080046a0                pbuf_alloc_reference
 .text.pbuf_alloced_custom
                0x080046e8       0x34 ./Middlewares/Third_Party/LwIP/src/core/pbuf.o
                0x080046e8                pbuf_alloced_custom
 .text.pbuf_add_header
                0x0800471c        0x6 ./Middlewares/Third_Party/LwIP/src/core/pbuf.o
                0x0800471c                pbuf_add_header
 *fill*         0x08004722        0x2 
 .text.pbuf_remove_header
                0x08004724       0x58 ./Middlewares/Third_Party/LwIP/src/core/pbuf.o
                0x08004724                pbuf_remove_header
 .text.pbuf_header_force
                0x0800477c       0x10 ./Middlewares/Third_Party/LwIP/src/core/pbuf.o
                0x0800477c                pbuf_header_force
 .text.pbuf_free
                0x0800478c       0xc8 ./Middlewares/Third_Party/LwIP/src/core/pbuf.o
                0x0800478c                pbuf_free
 .text.pbuf_alloc
                0x08004854       0xfc ./Middlewares/Third_Party/LwIP/src/core/pbuf.o
                0x08004854                pbuf_alloc
 .text.pbuf_realloc
                0x08004950       0xb0 ./Middlewares/Third_Party/LwIP/src/core/pbuf.o
                0x08004950                pbuf_realloc
 .text.pbuf_clen
                0x08004a00       0x10 ./Middlewares/Third_Party/LwIP/src/core/pbuf.o
                0x08004a00                pbuf_clen
 .text.pbuf_ref
                0x08004a10       0x28 ./Middlewares/Third_Party/LwIP/src/core/pbuf.o
                0x08004a10                pbuf_ref
 .text.pbuf_cat
                0x08004a38       0x74 ./Middlewares/Third_Party/LwIP/src/core/pbuf.o
                0x08004a38                pbuf_cat
 .text.pbuf_copy
                0x08004aac      0x104 ./Middlewares/Third_Party/LwIP/src/core/pbuf.o
                0x08004aac                pbuf_copy
 .text.pbuf_copy_partial
                0x08004bb0       0x84 ./Middlewares/Third_Party/LwIP/src/core/pbuf.o
                0x08004bb0                pbuf_copy_partial
 .text.pbuf_clone
                0x08004c34       0x38 ./Middlewares/Third_Party/LwIP/src/core/pbuf.o
                0x08004c34                pbuf_clone
 .text.tcp_close_shutdown_fin
                0x08004c6c       0x60 ./Middlewares/Third_Party/LwIP/src/core/tcp.o
 .text.tcp_init
                0x08004ccc       0x18 ./Middlewares/Third_Party/LwIP/src/core/tcp.o
                0x08004ccc                tcp_init
 .text.tcp_free
                0x08004ce4       0x30 ./Middlewares/Third_Party/LwIP/src/core/tcp.o
                0x08004ce4                tcp_free
 .text.tcp_update_rcv_ann_wnd
                0x08004d14       0x6c ./Middlewares/Third_Party/LwIP/src/core/tcp.o
                0x08004d14                tcp_update_rcv_ann_wnd
 .text.tcp_recved
                0x08004d80       0x7c ./Middlewares/Third_Party/LwIP/src/core/tcp.o
                0x08004d80                tcp_recved
 .text.tcp_seg_free
                0x08004dfc       0x1c ./Middlewares/Third_Party/LwIP/src/core/tcp.o
                0x08004dfc                tcp_seg_free
 .text.tcp_segs_free
                0x08004e18       0x10 ./Middlewares/Third_Party/LwIP/src/core/tcp.o
                0x08004e18                tcp_segs_free
 .text.tcp_seg_copy
                0x08004e28       0x48 ./Middlewares/Third_Party/LwIP/src/core/tcp.o
                0x08004e28                tcp_seg_copy
 .text.tcp_next_iss
                0x08004e70       0x34 ./Middlewares/Third_Party/LwIP/src/core/tcp.o
                0x08004e70                tcp_next_iss
 .text.tcp_eff_send_mss_netif
                0x08004ea4       0x3c ./Middlewares/Third_Party/LwIP/src/core/tcp.o
                0x08004ea4                tcp_eff_send_mss_netif
 .text.tcp_free_ooseq
                0x08004ee0       0x12 ./Middlewares/Third_Party/LwIP/src/core/tcp.o
                0x08004ee0                tcp_free_ooseq
 *fill*         0x08004ef2        0x2 
 .text.tcp_pcb_purge
                0x08004ef4       0x64 ./Middlewares/Third_Party/LwIP/src/core/tcp.o
                0x08004ef4                tcp_pcb_purge
 .text.tcp_pcb_remove
                0x08004f58       0xcc ./Middlewares/Third_Party/LwIP/src/core/tcp.o
                0x08004f58                tcp_pcb_remove
 .text.tcp_abandon
                0x08005024      0x10c ./Middlewares/Third_Party/LwIP/src/core/tcp.o
                0x08005024                tcp_abandon
 .text.tcp_abort
                0x08005130        0x6 ./Middlewares/Third_Party/LwIP/src/core/tcp.o
                0x08005130                tcp_abort
 *fill*         0x08005136        0x2 
 .text.tcp_netif_ip_addr_changed_pcblist
                0x08005138       0x3c ./Middlewares/Third_Party/LwIP/src/core/tcp.o
 .text.tcp_netif_ip_addr_changed
                0x08005174       0x48 ./Middlewares/Third_Party/LwIP/src/core/tcp.o
                0x08005174                tcp_netif_ip_addr_changed
 .text.tcp_kill_state
                0x080051bc       0x3c ./Middlewares/Third_Party/LwIP/src/core/tcp.o
 .text.tcp_alloc
                0x080051f8      0x134 ./Middlewares/Third_Party/LwIP/src/core/tcp.o
                0x080051f8                tcp_alloc
 .text.tcp_close_shutdown
                0x0800532c      0x164 ./Middlewares/Third_Party/LwIP/src/core/tcp.o
 .text.tcp_close
                0x08005490       0x3c ./Middlewares/Third_Party/LwIP/src/core/tcp.o
                0x08005490                tcp_close
 .text.tcp_recv_null
                0x080054cc       0x48 ./Middlewares/Third_Party/LwIP/src/core/tcp.o
                0x080054cc                tcp_recv_null
 .text.tcp_process_refused_data
                0x08005514       0x88 ./Middlewares/Third_Party/LwIP/src/core/tcp.o
                0x08005514                tcp_process_refused_data
 .text.tcp_fasttmr
                0x0800559c       0x80 ./Middlewares/Third_Party/LwIP/src/core/tcp.o
                0x0800559c                tcp_fasttmr
 .text.tcp_slowtmr
                0x0800561c      0x444 ./Middlewares/Third_Party/LwIP/src/core/tcp.o
                0x0800561c                tcp_slowtmr
 .text.tcp_tmr  0x08005a60       0x24 ./Middlewares/Third_Party/LwIP/src/core/tcp.o
                0x08005a60                tcp_tmr
 .text.tcp_get_next_optbyte
                0x08005a84       0x38 ./Middlewares/Third_Party/LwIP/src/core/tcp_in.o
 .text.tcp_oos_insert_segment
                0x08005abc       0x90 ./Middlewares/Third_Party/LwIP/src/core/tcp_in.o
 .text.tcp_parseopt
                0x08005b4c       0x8c ./Middlewares/Third_Party/LwIP/src/core/tcp_in.o
 .text.tcp_input_delayed_close
                0x08005bd8       0x3c ./Middlewares/Third_Party/LwIP/src/core/tcp_in.o
 .text.tcp_free_acked_segments.constprop.0
                0x08005c14       0xc0 ./Middlewares/Third_Party/LwIP/src/core/tcp_in.o
 .text.tcp_receive
                0x08005cd4      0x848 ./Middlewares/Third_Party/LwIP/src/core/tcp_in.o
 .text.tcp_input
                0x0800651c      0xaf8 ./Middlewares/Third_Party/LwIP/src/core/tcp_in.o
                0x0800651c                tcp_input
 .text.tcp_trigger_input_pcb_close
                0x08007014       0x10 ./Middlewares/Third_Party/LwIP/src/core/tcp_in.o
                0x08007014                tcp_trigger_input_pcb_close
 .text.tcp_output_segment_busy
                0x08007024       0x2c ./Middlewares/Third_Party/LwIP/src/core/tcp_out.o
 .text.tcp_create_segment
                0x08007050       0xdc ./Middlewares/Third_Party/LwIP/src/core/tcp_out.o
 .text.tcp_output_alloc_header_common.constprop.0
                0x0800712c       0x84 ./Middlewares/Third_Party/LwIP/src/core/tcp_out.o
 .text.tcp_output_alloc_header.constprop.0
                0x080071b0       0x4c ./Middlewares/Third_Party/LwIP/src/core/tcp_out.o
 .text.tcp_output_fill_options.constprop.0
                0x080071fc       0x20 ./Middlewares/Third_Party/LwIP/src/core/tcp_out.o
 .text.tcp_output_control_segment
                0x0800721c       0x70 ./Middlewares/Third_Party/LwIP/src/core/tcp_out.o
 .text.tcp_split_unsent_seg
                0x0800728c      0x194 ./Middlewares/Third_Party/LwIP/src/core/tcp_out.o
                0x0800728c                tcp_split_unsent_seg
 .text.tcp_enqueue_flags
                0x08007420      0x12c ./Middlewares/Third_Party/LwIP/src/core/tcp_out.o
                0x08007420                tcp_enqueue_flags
 .text.tcp_send_fin
                0x0800754c       0x60 ./Middlewares/Third_Party/LwIP/src/core/tcp_out.o
                0x0800754c                tcp_send_fin
 .text.tcp_rexmit_rto_prepare
                0x080075ac       0x88 ./Middlewares/Third_Party/LwIP/src/core/tcp_out.o
                0x080075ac                tcp_rexmit_rto_prepare
 .text.tcp_rexmit
                0x08007634       0x84 ./Middlewares/Third_Party/LwIP/src/core/tcp_out.o
                0x08007634                tcp_rexmit
 .text.tcp_rexmit_fast
                0x080076b8       0x68 ./Middlewares/Third_Party/LwIP/src/core/tcp_out.o
                0x080076b8                tcp_rexmit_fast
 .text.tcp_rst  0x08007720       0x8c ./Middlewares/Third_Party/LwIP/src/core/tcp_out.o
                0x08007720                tcp_rst
 .text.tcp_send_empty_ack
                0x080077ac       0x64 ./Middlewares/Third_Party/LwIP/src/core/tcp_out.o
                0x080077ac                tcp_send_empty_ack
 .text.tcp_output
                0x08007810      0x354 ./Middlewares/Third_Party/LwIP/src/core/tcp_out.o
                0x08007810                tcp_output
 .text.tcp_rexmit_rto_commit
                0x08007b64       0x38 ./Middlewares/Third_Party/LwIP/src/core/tcp_out.o
                0x08007b64                tcp_rexmit_rto_commit
 .text.tcp_rexmit_rto
                0x08007b9c       0x34 ./Middlewares/Third_Party/LwIP/src/core/tcp_out.o
                0x08007b9c                tcp_rexmit_rto
 .text.tcp_keepalive
                0x08007bd0       0x50 ./Middlewares/Third_Party/LwIP/src/core/tcp_out.o
                0x08007bd0                tcp_keepalive
 .text.tcp_zero_window_probe
                0x08007c20       0xc8 ./Middlewares/Third_Party/LwIP/src/core/tcp_out.o
                0x08007c20                tcp_zero_window_probe
 .text.sys_timeout_abs
                0x08007ce8       0x64 ./Middlewares/Third_Party/LwIP/src/core/timeouts.o
 .text.lwip_cyclic_timer
                0x08007d4c       0x34 ./Middlewares/Third_Party/LwIP/src/core/timeouts.o
 .text.sys_timeout
                0x08007d80       0x3c ./Middlewares/Third_Party/LwIP/src/core/timeouts.o
                0x08007d80                sys_timeout
 .text.tcp_timer_needed
                0x08007dbc       0x34 ./Middlewares/Third_Party/LwIP/src/core/timeouts.o
                0x08007dbc                tcp_timer_needed
 .text.tcpip_tcp_timer
                0x08007df0       0x38 ./Middlewares/Third_Party/LwIP/src/core/timeouts.o
 .text.sys_timeouts_init
                0x08007e28       0x2c ./Middlewares/Third_Party/LwIP/src/core/timeouts.o
                0x08007e28                sys_timeouts_init
 .text.udp_init
                0x08007e54       0x18 ./Middlewares/Third_Party/LwIP/src/core/udp.o
                0x08007e54                udp_init
 .text.udp_input
                0x08007e6c      0x1ac ./Middlewares/Third_Party/LwIP/src/core/udp.o
                0x08007e6c                udp_input
 .text.udp_netif_ip_addr_changed
                0x08008018       0x2c ./Middlewares/Third_Party/LwIP/src/core/udp.o
                0x08008018                udp_netif_ip_addr_changed
 .text.etharp_free_entry
                0x08008044       0x28 ./Middlewares/Third_Party/LwIP/src/core/ipv4/etharp.o
 .text.etharp_find_entry
                0x0800806c      0x128 ./Middlewares/Third_Party/LwIP/src/core/ipv4/etharp.o
 .text.etharp_raw
                0x08008194       0xdc ./Middlewares/Third_Party/LwIP/src/core/ipv4/etharp.o
 .text.etharp_cleanup_netif
                0x08008270       0x28 ./Middlewares/Third_Party/LwIP/src/core/ipv4/etharp.o
                0x08008270                etharp_cleanup_netif
 .text.etharp_input
                0x08008298      0x148 ./Middlewares/Third_Party/LwIP/src/core/ipv4/etharp.o
                0x08008298                etharp_input
 .text.etharp_request
                0x080083e0       0x2c ./Middlewares/Third_Party/LwIP/src/core/ipv4/etharp.o
                0x080083e0                etharp_request
 .text.etharp_tmr
                0x0800840c       0x54 ./Middlewares/Third_Party/LwIP/src/core/ipv4/etharp.o
                0x0800840c                etharp_tmr
 .text.etharp_output_to_arp_index
                0x08008460       0xac ./Middlewares/Third_Party/LwIP/src/core/ipv4/etharp.o
 .text.etharp_query
                0x0800850c      0x138 ./Middlewares/Third_Party/LwIP/src/core/ipv4/etharp.o
                0x0800850c                etharp_query
 .text.etharp_output
                0x08008644      0x138 ./Middlewares/Third_Party/LwIP/src/core/ipv4/etharp.o
                0x08008644                etharp_output
 .text.icmp_send_response
                0x0800877c       0x90 ./Middlewares/Third_Party/LwIP/src/core/ipv4/icmp.o
 .text.icmp_input
                0x0800880c      0x12c ./Middlewares/Third_Party/LwIP/src/core/ipv4/icmp.o
                0x0800880c                icmp_input
 .text.icmp_dest_unreach
                0x08008938        0x8 ./Middlewares/Third_Party/LwIP/src/core/ipv4/icmp.o
                0x08008938                icmp_dest_unreach
 .text.icmp_time_exceeded
                0x08008940        0x8 ./Middlewares/Third_Party/LwIP/src/core/ipv4/icmp.o
                0x08008940                icmp_time_exceeded
 .text.ip4_input_accept
                0x08008948       0x34 ./Middlewares/Third_Party/LwIP/src/core/ipv4/ip4.o
 .text.ip4_route
                0x0800897c       0x5c ./Middlewares/Third_Party/LwIP/src/core/ipv4/ip4.o
                0x0800897c                ip4_route
 .text.ip4_input
                0x080089d8      0x16c ./Middlewares/Third_Party/LwIP/src/core/ipv4/ip4.o
                0x080089d8                ip4_input
 .text.ip4_output_if_src
                0x08008b44       0xf8 ./Middlewares/Third_Party/LwIP/src/core/ipv4/ip4.o
                0x08008b44                ip4_output_if_src
 .text.ip4_output_if
                0x08008c3c       0x22 ./Middlewares/Third_Party/LwIP/src/core/ipv4/ip4.o
                0x08008c3c                ip4_output_if
 .text.ip4_addr_isbroadcast_u32
                0x08008c5e       0x36 ./Middlewares/Third_Party/LwIP/src/core/ipv4/ip4_addr.o
                0x08008c5e                ip4_addr_isbroadcast_u32
 .text.ip_reass_dequeue_datagram
                0x08008c94       0x44 ./Middlewares/Third_Party/LwIP/src/core/ipv4/ip4_frag.o
 .text.ip_reass_free_complete_datagram
                0x08008cd8       0xe8 ./Middlewares/Third_Party/LwIP/src/core/ipv4/ip4_frag.o
 .text.ip_reass_remove_oldest_datagram
                0x08008dc0       0x78 ./Middlewares/Third_Party/LwIP/src/core/ipv4/ip4_frag.o
 .text.ipfrag_free_pbuf_custom
                0x08008e38       0x34 ./Middlewares/Third_Party/LwIP/src/core/ipv4/ip4_frag.o
 .text.ip_reass_tmr
                0x08008e6c       0x2c ./Middlewares/Third_Party/LwIP/src/core/ipv4/ip4_frag.o
                0x08008e6c                ip_reass_tmr
 .text.ip4_reass
                0x08008e98      0x3a8 ./Middlewares/Third_Party/LwIP/src/core/ipv4/ip4_frag.o
                0x08008e98                ip4_reass
 .text.ip4_frag
                0x08009240      0x1cc ./Middlewares/Third_Party/LwIP/src/core/ipv4/ip4_frag.o
                0x08009240                ip4_frag
 .text.ethernet_input
                0x0800940c       0xa0 ./Middlewares/Third_Party/LwIP/src/netif/ethernet.o
                0x0800940c                ethernet_input
 .text.ethernet_output
                0x080094ac       0x70 ./Middlewares/Third_Party/LwIP/src/netif/ethernet.o
                0x080094ac                ethernet_output
 .text.malloc   0x0800951c       0x10 C:/ST/STM32CubeIDE_1.10.1/STM32CubeIDE/plugins/com.st.stm32cube.ide.mcu.externaltools.gnu-tools-for-stm32.12.3.rel1.win32_1.0.100.202403111256/tools/bin/../lib/gcc/arm-none-eabi/12.3.1/../../../../arm-none-eabi/lib/thumb/v7e-m+fp/hard\libc_nano.a(libc_a-malloc.o)
                0x0800951c                malloc
 .text.sbrk_aligned
                0x0800952c       0x44 C:/ST/STM32CubeIDE_1.10.1/STM32CubeIDE/plugins/com.st.stm32cube.ide.mcu.externaltools.gnu-tools-for-stm32.12.3.rel1.win32_1.0.100.202403111256/tools/bin/../lib/gcc/arm-none-eabi/12.3.1/../../../../arm-none-eabi/lib/thumb/v7e-m+fp/hard\libc_nano.a(libc_a-mallocr.o)
 .text._malloc_r
                0x08009570      0x100 C:/ST/STM32CubeIDE_1.10.1/STM32CubeIDE/plugins/com.st.stm32cube.ide.mcu.externaltools.gnu-tools-for-stm32.12.3.rel1.win32_1.0.100.202403111256/tools/bin/../lib/gcc/arm-none-eabi/12.3.1/../../../../arm-none-eabi/lib/thumb/v7e-m+fp/hard\libc_nano.a(libc_a-mallocr.o)
                0x08009570                _malloc_r
 .text.__malloc_lock
                0x08009670        0xc C:/ST/STM32CubeIDE_1.10.1/STM32CubeIDE/plugins/com.st.stm32cube.ide.mcu.externaltools.gnu-tools-for-stm32.12.3.rel1.win32_1.0.100.202403111256/tools/bin/../lib/gcc/arm-none-eabi/12.3.1/../../../../arm-none-eabi/lib/thumb/v7e-m+fp/hard\libc_nano.a(libc_a-mlock.o)
                0x08009670                __malloc_lock
 .text.__malloc_unlock
                0x0800967c        0xc C:/ST/STM32CubeIDE_1.10.1/STM32CubeIDE/plugins/com.st.stm32cube.ide.mcu.externaltools.gnu-tools-for-stm32.12.3.rel1.win32_1.0.100.202403111256/tools/bin/../lib/gcc/arm-none-eabi/12.3.1/../../../../arm-none-eabi/lib/thumb/v7e-m+fp/hard\libc_nano.a(libc_a-mlock.o)
                0x0800967c                __malloc_unlock
 .text.rand     0x08009688       0x7c C:/ST/STM32CubeIDE_1.10.1/STM32CubeIDE/plugins/com.st.stm32cube.ide.mcu.externaltools.gnu-tools-for-stm32.12.3.rel1.win32_1.0.100.202403111256/tools/bin/../lib/gcc/arm-none-eabi/12.3.1/../../../../arm-none-eabi/lib/thumb/v7e-m+fp/hard\libc_nano.a(libc_a-rand.o)
                0x08009688                rand
 .text.std      0x08009704       0x6c C:/ST/STM32CubeIDE_1.10.1/STM32CubeIDE/plugins/com.st.stm32cube.ide.mcu.externaltools.gnu-tools-for-stm32.12.3.rel1.win32_1.0.100.202403111256/tools/bin/../lib/gcc/arm-none-eabi/12.3.1/../../../../arm-none-eabi/lib/thumb/v7e-m+fp/hard\libc_nano.a(libc_a-findfp.o)
 .text.stdio_exit_handler
                0x08009770       0x18 C:/ST/STM32CubeIDE_1.10.1/STM32CubeIDE/plugins/com.st.stm32cube.ide.mcu.externaltools.gnu-tools-for-stm32.12.3.rel1.win32_1.0.100.202403111256/tools/bin/../lib/gcc/arm-none-eabi/12.3.1/../../../../arm-none-eabi/lib/thumb/v7e-m+fp/hard\libc_nano.a(libc_a-findfp.o)
 .text.cleanup_stdio
                0x08009788       0x40 C:/ST/STM32CubeIDE_1.10.1/STM32CubeIDE/plugins/com.st.stm32cube.ide.mcu.externaltools.gnu-tools-for-stm32.12.3.rel1.win32_1.0.100.202403111256/tools/bin/../lib/gcc/arm-none-eabi/12.3.1/../../../../arm-none-eabi/lib/thumb/v7e-m+fp/hard\libc_nano.a(libc_a-findfp.o)
 .text.global_stdio_init.part.0
                0x080097c8       0x3c C:/ST/STM32CubeIDE_1.10.1/STM32CubeIDE/plugins/com.st.stm32cube.ide.mcu.externaltools.gnu-tools-for-stm32.12.3.rel1.win32_1.0.100.202403111256/tools/bin/../lib/gcc/arm-none-eabi/12.3.1/../../../../arm-none-eabi/lib/thumb/v7e-m+fp/hard\libc_nano.a(libc_a-findfp.o)
 .text.__sfp_lock_acquire
                0x08009804        0xc C:/ST/STM32CubeIDE_1.10.1/STM32CubeIDE/plugins/com.st.stm32cube.ide.mcu.externaltools.gnu-tools-for-stm32.12.3.rel1.win32_1.0.100.202403111256/tools/bin/../lib/gcc/arm-none-eabi/12.3.1/../../../../arm-none-eabi/lib/thumb/v7e-m+fp/hard\libc_nano.a(libc_a-findfp.o)
                0x08009804                __sfp_lock_acquire
 .text.__sfp_lock_release
                0x08009810        0xc C:/ST/STM32CubeIDE_1.10.1/STM32CubeIDE/plugins/com.st.stm32cube.ide.mcu.externaltools.gnu-tools-for-stm32.12.3.rel1.win32_1.0.100.202403111256/tools/bin/../lib/gcc/arm-none-eabi/12.3.1/../../../../arm-none-eabi/lib/thumb/v7e-m+fp/hard\libc_nano.a(libc_a-findfp.o)
                0x08009810                __sfp_lock_release
 .text.__sinit  0x0800981c       0x30 C:/ST/STM32CubeIDE_1.10.1/STM32CubeIDE/plugins/com.st.stm32cube.ide.mcu.externaltools.gnu-tools-for-stm32.12.3.rel1.win32_1.0.100.202403111256/tools/bin/../lib/gcc/arm-none-eabi/12.3.1/../../../../arm-none-eabi/lib/thumb/v7e-m+fp/hard\libc_nano.a(libc_a-findfp.o)
                0x0800981c                __sinit
 .text._fwalk_sglue
                0x0800984c       0x3c C:/ST/STM32CubeIDE_1.10.1/STM32CubeIDE/plugins/com.st.stm32cube.ide.mcu.externaltools.gnu-tools-for-stm32.12.3.rel1.win32_1.0.100.202403111256/tools/bin/../lib/gcc/arm-none-eabi/12.3.1/../../../../arm-none-eabi/lib/thumb/v7e-m+fp/hard\libc_nano.a(libc_a-fwalk.o)
                0x0800984c                _fwalk_sglue
 .text.printf   0x08009888       0x24 C:/ST/STM32CubeIDE_1.10.1/STM32CubeIDE/plugins/com.st.stm32cube.ide.mcu.externaltools.gnu-tools-for-stm32.12.3.rel1.win32_1.0.100.202403111256/tools/bin/../lib/gcc/arm-none-eabi/12.3.1/../../../../arm-none-eabi/lib/thumb/v7e-m+fp/hard\libc_nano.a(libc_a-printf.o)
                0x08009888                iprintf
                0x08009888                printf
 .text._puts_r  0x080098ac       0xaa C:/ST/STM32CubeIDE_1.10.1/STM32CubeIDE/plugins/com.st.stm32cube.ide.mcu.externaltools.gnu-tools-for-stm32.12.3.rel1.win32_1.0.100.202403111256/tools/bin/../lib/gcc/arm-none-eabi/12.3.1/../../../../arm-none-eabi/lib/thumb/v7e-m+fp/hard\libc_nano.a(libc_a-puts.o)
                0x080098ac                _puts_r
 *fill*         0x08009956        0x2 
 .text.puts     0x08009958       0x10 C:/ST/STM32CubeIDE_1.10.1/STM32CubeIDE/plugins/com.st.stm32cube.ide.mcu.externaltools.gnu-tools-for-stm32.12.3.rel1.win32_1.0.100.202403111256/tools/bin/../lib/gcc/arm-none-eabi/12.3.1/../../../../arm-none-eabi/lib/thumb/v7e-m+fp/hard\libc_nano.a(libc_a-puts.o)
                0x08009958                puts
 .text.__sread  0x08009968       0x22 C:/ST/STM32CubeIDE_1.10.1/STM32CubeIDE/plugins/com.st.stm32cube.ide.mcu.externaltools.gnu-tools-for-stm32.12.3.rel1.win32_1.0.100.202403111256/tools/bin/../lib/gcc/arm-none-eabi/12.3.1/../../../../arm-none-eabi/lib/thumb/v7e-m+fp/hard\libc_nano.a(libc_a-stdio.o)
                0x08009968                __sread
 .text.__swrite
                0x0800998a       0x38 C:/ST/STM32CubeIDE_1.10.1/STM32CubeIDE/plugins/com.st.stm32cube.ide.mcu.externaltools.gnu-tools-for-stm32.12.3.rel1.win32_1.0.100.202403111256/tools/bin/../lib/gcc/arm-none-eabi/12.3.1/../../../../arm-none-eabi/lib/thumb/v7e-m+fp/hard\libc_nano.a(libc_a-stdio.o)
                0x0800998a                __swrite
 .text.__sseek  0x080099c2       0x24 C:/ST/STM32CubeIDE_1.10.1/STM32CubeIDE/plugins/com.st.stm32cube.ide.mcu.externaltools.gnu-tools-for-stm32.12.3.rel1.win32_1.0.100.202403111256/tools/bin/../lib/gcc/arm-none-eabi/12.3.1/../../../../arm-none-eabi/lib/thumb/v7e-m+fp/hard\libc_nano.a(libc_a-stdio.o)
                0x080099c2                __sseek
 .text.__sclose
                0x080099e6        0x8 C:/ST/STM32CubeIDE_1.10.1/STM32CubeIDE/plugins/com.st.stm32cube.ide.mcu.externaltools.gnu-tools-for-stm32.12.3.rel1.win32_1.0.100.202403111256/tools/bin/../lib/gcc/arm-none-eabi/12.3.1/../../../../arm-none-eabi/lib/thumb/v7e-m+fp/hard\libc_nano.a(libc_a-stdio.o)
                0x080099e6                __sclose
 .text.__swbuf_r
                0x080099ee       0x7c C:/ST/STM32CubeIDE_1.10.1/STM32CubeIDE/plugins/com.st.stm32cube.ide.mcu.externaltools.gnu-tools-for-stm32.12.3.rel1.win32_1.0.100.202403111256/tools/bin/../lib/gcc/arm-none-eabi/12.3.1/../../../../arm-none-eabi/lib/thumb/v7e-m+fp/hard\libc_nano.a(libc_a-wbuf.o)
                0x080099ee                __swbuf_r
 *fill*         0x08009a6a        0x2 
 .text.__swsetup_r
                0x08009a6c       0xac C:/ST/STM32CubeIDE_1.10.1/STM32CubeIDE/plugins/com.st.stm32cube.ide.mcu.externaltools.gnu-tools-for-stm32.12.3.rel1.win32_1.0.100.202403111256/tools/bin/../lib/gcc/arm-none-eabi/12.3.1/../../../../arm-none-eabi/lib/thumb/v7e-m+fp/hard\libc_nano.a(libc_a-wsetup.o)
                0x08009a6c                __swsetup_r
 .text.memcmp   0x08009b18       0x20 C:/ST/STM32CubeIDE_1.10.1/STM32CubeIDE/plugins/com.st.stm32cube.ide.mcu.externaltools.gnu-tools-for-stm32.12.3.rel1.win32_1.0.100.202403111256/tools/bin/../lib/gcc/arm-none-eabi/12.3.1/../../../../arm-none-eabi/lib/thumb/v7e-m+fp/hard\libc_nano.a(libc_a-memcmp.o)
                0x08009b18                memcmp
 .text.memset   0x08009b38       0x10 C:/ST/STM32CubeIDE_1.10.1/STM32CubeIDE/plugins/com.st.stm32cube.ide.mcu.externaltools.gnu-tools-for-stm32.12.3.rel1.win32_1.0.100.202403111256/tools/bin/../lib/gcc/arm-none-eabi/12.3.1/../../../../arm-none-eabi/lib/thumb/v7e-m+fp/hard\libc_nano.a(libc_a-memset.o)
                0x08009b38                memset
 .text._close_r
                0x08009b48       0x20 C:/ST/STM32CubeIDE_1.10.1/STM32CubeIDE/plugins/com.st.stm32cube.ide.mcu.externaltools.gnu-tools-for-stm32.12.3.rel1.win32_1.0.100.202403111256/tools/bin/../lib/gcc/arm-none-eabi/12.3.1/../../../../arm-none-eabi/lib/thumb/v7e-m+fp/hard\libc_nano.a(libc_a-closer.o)
                0x08009b48                _close_r
 .text._lseek_r
                0x08009b68       0x24 C:/ST/STM32CubeIDE_1.10.1/STM32CubeIDE/plugins/com.st.stm32cube.ide.mcu.externaltools.gnu-tools-for-stm32.12.3.rel1.win32_1.0.100.202403111256/tools/bin/../lib/gcc/arm-none-eabi/12.3.1/../../../../arm-none-eabi/lib/thumb/v7e-m+fp/hard\libc_nano.a(libc_a-lseekr.o)
                0x08009b68                _lseek_r
 .text._read_r  0x08009b8c       0x24 C:/ST/STM32CubeIDE_1.10.1/STM32CubeIDE/plugins/com.st.stm32cube.ide.mcu.externaltools.gnu-tools-for-stm32.12.3.rel1.win32_1.0.100.202403111256/tools/bin/../lib/gcc/arm-none-eabi/12.3.1/../../../../arm-none-eabi/lib/thumb/v7e-m+fp/hard\libc_nano.a(libc_a-readr.o)
                0x08009b8c                _read_r
 .text._sbrk_r  0x08009bb0       0x20 C:/ST/STM32CubeIDE_1.10.1/STM32CubeIDE/plugins/com.st.stm32cube.ide.mcu.externaltools.gnu-tools-for-stm32.12.3.rel1.win32_1.0.100.202403111256/tools/bin/../lib/gcc/arm-none-eabi/12.3.1/../../../../arm-none-eabi/lib/thumb/v7e-m+fp/hard\libc_nano.a(libc_a-sbrkr.o)
                0x08009bb0                _sbrk_r
 .text._write_r
                0x08009bd0       0x24 C:/ST/STM32CubeIDE_1.10.1/STM32CubeIDE/plugins/com.st.stm32cube.ide.mcu.externaltools.gnu-tools-for-stm32.12.3.rel1.win32_1.0.100.202403111256/tools/bin/../lib/gcc/arm-none-eabi/12.3.1/../../../../arm-none-eabi/lib/thumb/v7e-m+fp/hard\libc_nano.a(libc_a-writer.o)
                0x08009bd0                _write_r
 .text.__libc_init_array
                0x08009bf4       0x48 C:/ST/STM32CubeIDE_1.10.1/STM32CubeIDE/plugins/com.st.stm32cube.ide.mcu.externaltools.gnu-tools-for-stm32.12.3.rel1.win32_1.0.100.202403111256/tools/bin/../lib/gcc/arm-none-eabi/12.3.1/../../../../arm-none-eabi/lib/thumb/v7e-m+fp/hard\libc_nano.a(libc_a-init.o)
                0x08009bf4                __libc_init_array
 .text.memcpy   0x08009c3c       0x1c C:/ST/STM32CubeIDE_1.10.1/STM32CubeIDE/plugins/com.st.stm32cube.ide.mcu.externaltools.gnu-tools-for-stm32.12.3.rel1.win32_1.0.100.202403111256/tools/bin/../lib/gcc/arm-none-eabi/12.3.1/../../../../arm-none-eabi/lib/thumb/v7e-m+fp/hard\libc_nano.a(libc_a-memcpy-stub.o)
                0x08009c3c                memcpy
 .text.__assert_func
                0x08009c58       0x3c C:/ST/STM32CubeIDE_1.10.1/STM32CubeIDE/plugins/com.st.stm32cube.ide.mcu.externaltools.gnu-tools-for-stm32.12.3.rel1.win32_1.0.100.202403111256/tools/bin/../lib/gcc/arm-none-eabi/12.3.1/../../../../arm-none-eabi/lib/thumb/v7e-m+fp/hard\libc_nano.a(libc_a-assert.o)
                0x08009c58                __assert_func
 .text._free_r  0x08009c94       0x94 C:/ST/STM32CubeIDE_1.10.1/STM32CubeIDE/plugins/com.st.stm32cube.ide.mcu.externaltools.gnu-tools-for-stm32.12.3.rel1.win32_1.0.100.202403111256/tools/bin/../lib/gcc/arm-none-eabi/12.3.1/../../../../arm-none-eabi/lib/thumb/v7e-m+fp/hard\libc_nano.a(libc_a-freer.o)
                0x08009c94                _free_r
 .text.__sfputc_r
                0x08009d28       0x2e C:/ST/STM32CubeIDE_1.10.1/STM32CubeIDE/plugins/com.st.stm32cube.ide.mcu.externaltools.gnu-tools-for-stm32.12.3.rel1.win32_1.0.100.202403111256/tools/bin/../lib/gcc/arm-none-eabi/12.3.1/../../../../arm-none-eabi/lib/thumb/v7e-m+fp/hard\libc_nano.a(libc_a-nano-vfprintf.o)
 .text.__sfputs_r
                0x08009d56       0x24 C:/ST/STM32CubeIDE_1.10.1/STM32CubeIDE/plugins/com.st.stm32cube.ide.mcu.externaltools.gnu-tools-for-stm32.12.3.rel1.win32_1.0.100.202403111256/tools/bin/../lib/gcc/arm-none-eabi/12.3.1/../../../../arm-none-eabi/lib/thumb/v7e-m+fp/hard\libc_nano.a(libc_a-nano-vfprintf.o)
                0x08009d56                __sfputs_r
 *fill*         0x08009d7a        0x2 
 .text._vfprintf_r
                0x08009d7c      0x230 C:/ST/STM32CubeIDE_1.10.1/STM32CubeIDE/plugins/com.st.stm32cube.ide.mcu.externaltools.gnu-tools-for-stm32.12.3.rel1.win32_1.0.100.202403111256/tools/bin/../lib/gcc/arm-none-eabi/12.3.1/../../../../arm-none-eabi/lib/thumb/v7e-m+fp/hard\libc_nano.a(libc_a-nano-vfprintf.o)
                0x08009d7c                _vfprintf_r
                0x08009d7c                _vfiprintf_r
 .text._printf_common
                0x08009fac       0xda C:/ST/STM32CubeIDE_1.10.1/STM32CubeIDE/plugins/com.st.stm32cube.ide.mcu.externaltools.gnu-tools-for-stm32.12.3.rel1.win32_1.0.100.202403111256/tools/bin/../lib/gcc/arm-none-eabi/12.3.1/../../../../arm-none-eabi/lib/thumb/v7e-m+fp/hard\libc_nano.a(libc_a-nano-vfprintf_i.o)
                0x08009fac                _printf_common
 *fill*         0x0800a086        0x2 
 .text._printf_i
                0x0800a088      0x240 C:/ST/STM32CubeIDE_1.10.1/STM32CubeIDE/plugins/com.st.stm32cube.ide.mcu.externaltools.gnu-tools-for-stm32.12.3.rel1.win32_1.0.100.202403111256/tools/bin/../lib/gcc/arm-none-eabi/12.3.1/../../../../arm-none-eabi/lib/thumb/v7e-m+fp/hard\libc_nano.a(libc_a-nano-vfprintf_i.o)
                0x0800a088                _printf_i
 .text.__sflush_r
                0x0800a2c8      0x108 C:/ST/STM32CubeIDE_1.10.1/STM32CubeIDE/plugins/com.st.stm32cube.ide.mcu.externaltools.gnu-tools-for-stm32.12.3.rel1.win32_1.0.100.202403111256/tools/bin/../lib/gcc/arm-none-eabi/12.3.1/../../../../arm-none-eabi/lib/thumb/v7e-m+fp/hard\libc_nano.a(libc_a-fflush.o)
                0x0800a2c8                __sflush_r
 .text._fflush_r
                0x0800a3d0       0x50 C:/ST/STM32CubeIDE_1.10.1/STM32CubeIDE/plugins/com.st.stm32cube.ide.mcu.externaltools.gnu-tools-for-stm32.12.3.rel1.win32_1.0.100.202403111256/tools/bin/../lib/gcc/arm-none-eabi/12.3.1/../../../../arm-none-eabi/lib/thumb/v7e-m+fp/hard\libc_nano.a(libc_a-fflush.o)
                0x0800a3d0                _fflush_r
 .text.fprintf  0x0800a420       0x24 C:/ST/STM32CubeIDE_1.10.1/STM32CubeIDE/plugins/com.st.stm32cube.ide.mcu.externaltools.gnu-tools-for-stm32.12.3.rel1.win32_1.0.100.202403111256/tools/bin/../lib/gcc/arm-none-eabi/12.3.1/../../../../arm-none-eabi/lib/thumb/v7e-m+fp/hard\libc_nano.a(libc_a-fprintf.o)
                0x0800a420                fiprintf
                0x0800a420                fprintf
 .text.__swhatbuf_r
                0x0800a444       0x4c C:/ST/STM32CubeIDE_1.10.1/STM32CubeIDE/plugins/com.st.stm32cube.ide.mcu.externaltools.gnu-tools-for-stm32.12.3.rel1.win32_1.0.100.202403111256/tools/bin/../lib/gcc/arm-none-eabi/12.3.1/../../../../arm-none-eabi/lib/thumb/v7e-m+fp/hard\libc_nano.a(libc_a-makebuf.o)
                0x0800a444                __swhatbuf_r
 .text.__smakebuf_r
                0x0800a490       0x78 C:/ST/STM32CubeIDE_1.10.1/STM32CubeIDE/plugins/com.st.stm32cube.ide.mcu.externaltools.gnu-tools-for-stm32.12.3.rel1.win32_1.0.100.202403111256/tools/bin/../lib/gcc/arm-none-eabi/12.3.1/../../../../arm-none-eabi/lib/thumb/v7e-m+fp/hard\libc_nano.a(libc_a-makebuf.o)
                0x0800a490                __smakebuf_r
 .text._fstat_r
                0x0800a508       0x24 C:/ST/STM32CubeIDE_1.10.1/STM32CubeIDE/plugins/com.st.stm32cube.ide.mcu.externaltools.gnu-tools-for-stm32.12.3.rel1.win32_1.0.100.202403111256/tools/bin/../lib/gcc/arm-none-eabi/12.3.1/../../../../arm-none-eabi/lib/thumb/v7e-m+fp/hard\libc_nano.a(libc_a-fstatr.o)
                0x0800a508                _fstat_r
 .text._isatty_r
                0x0800a52c       0x20 C:/ST/STM32CubeIDE_1.10.1/STM32CubeIDE/plugins/com.st.stm32cube.ide.mcu.externaltools.gnu-tools-for-stm32.12.3.rel1.win32_1.0.100.202403111256/tools/bin/../lib/gcc/arm-none-eabi/12.3.1/../../../../arm-none-eabi/lib/thumb/v7e-m+fp/hard\libc_nano.a(libc_a-isattyr.o)
                0x0800a52c                _isatty_r
 .text.abort    0x0800a54c        0xe C:/ST/STM32CubeIDE_1.10.1/STM32CubeIDE/plugins/com.st.stm32cube.ide.mcu.externaltools.gnu-tools-for-stm32.12.3.rel1.win32_1.0.100.202403111256/tools/bin/../lib/gcc/arm-none-eabi/12.3.1/../../../../arm-none-eabi/lib/thumb/v7e-m+fp/hard\libc_nano.a(libc_a-abort.o)
                0x0800a54c                abort
 .text._raise_r
                0x0800a55a       0x50 C:/ST/STM32CubeIDE_1.10.1/STM32CubeIDE/plugins/com.st.stm32cube.ide.mcu.externaltools.gnu-tools-for-stm32.12.3.rel1.win32_1.0.100.202403111256/tools/bin/../lib/gcc/arm-none-eabi/12.3.1/../../../../arm-none-eabi/lib/thumb/v7e-m+fp/hard\libc_nano.a(libc_a-signal.o)
                0x0800a55a                _raise_r
 *fill*         0x0800a5aa        0x2 
 .text.raise    0x0800a5ac       0x10 C:/ST/STM32CubeIDE_1.10.1/STM32CubeIDE/plugins/com.st.stm32cube.ide.mcu.externaltools.gnu-tools-for-stm32.12.3.rel1.win32_1.0.100.202403111256/tools/bin/../lib/gcc/arm-none-eabi/12.3.1/../../../../arm-none-eabi/lib/thumb/v7e-m+fp/hard\libc_nano.a(libc_a-signal.o)
                0x0800a5ac                raise
 .text._kill_r  0x0800a5bc       0x24 C:/ST/STM32CubeIDE_1.10.1/STM32CubeIDE/plugins/com.st.stm32cube.ide.mcu.externaltools.gnu-tools-for-stm32.12.3.rel1.win32_1.0.100.202403111256/tools/bin/../lib/gcc/arm-none-eabi/12.3.1/../../../../arm-none-eabi/lib/thumb/v7e-m+fp/hard\libc_nano.a(libc_a-signalr.o)
                0x0800a5bc                _kill_r
 .text._getpid_r
                0x0800a5e0        0x4 C:/ST/STM32CubeIDE_1.10.1/STM32CubeIDE/plugins/com.st.stm32cube.ide.mcu.externaltools.gnu-tools-for-stm32.12.3.rel1.win32_1.0.100.202403111256/tools/bin/../lib/gcc/arm-none-eabi/12.3.1/../../../../arm-none-eabi/lib/thumb/v7e-m+fp/hard\libc_nano.a(libc_a-signalr.o)
                0x0800a5e0                _getpid_r
 *(.glue_7)
 .glue_7        0x0800a5e4        0x0 linker stubs
 *(.glue_7t)
 .glue_7t       0x0800a5e4        0x0 linker stubs
 *(.eh_frame)
 .eh_frame      0x0800a5e4        0x0 C:/ST/STM32CubeIDE_1.10.1/STM32CubeIDE/plugins/com.st.stm32cube.ide.mcu.externaltools.gnu-tools-for-stm32.12.3.rel1.win32_1.0.100.202403111256/tools/bin/../lib/gcc/arm-none-eabi/12.3.1/thumb/v7e-m+fp/hard/crtbegin.o
 *(.init)
 .init          0x0800a5e4        0x4 C:/ST/STM32CubeIDE_1.10.1/STM32CubeIDE/plugins/com.st.stm32cube.ide.mcu.externaltools.gnu-tools-for-stm32.12.3.rel1.win32_1.0.100.202403111256/tools/bin/../lib/gcc/arm-none-eabi/12.3.1/thumb/v7e-m+fp/hard/crti.o
                0x0800a5e4                _init
 .init          0x0800a5e8        0x8 C:/ST/STM32CubeIDE_1.10.1/STM32CubeIDE/plugins/com.st.stm32cube.ide.mcu.externaltools.gnu-tools-for-stm32.12.3.rel1.win32_1.0.100.202403111256/tools/bin/../lib/gcc/arm-none-eabi/12.3.1/thumb/v7e-m+fp/hard/crtn.o
 *(.fini)
 .fini          0x0800a5f0        0x4 C:/ST/STM32CubeIDE_1.10.1/STM32CubeIDE/plugins/com.st.stm32cube.ide.mcu.externaltools.gnu-tools-for-stm32.12.3.rel1.win32_1.0.100.202403111256/tools/bin/../lib/gcc/arm-none-eabi/12.3.1/thumb/v7e-m+fp/hard/crti.o
                0x0800a5f0                _fini
 .fini          0x0800a5f4        0x8 C:/ST/STM32CubeIDE_1.10.1/STM32CubeIDE/plugins/com.st.stm32cube.ide.mcu.externaltools.gnu-tools-for-stm32.12.3.rel1.win32_1.0.100.202403111256/tools/bin/../lib/gcc/arm-none-eabi/12.3.1/thumb/v7e-m+fp/hard/crtn.o
                0x0800a5fc                        . = ALIGN (0x4)
                0x0800a5fc                        _etext = .

.vfp11_veneer   0x0800a5fc        0x0
 .vfp11_veneer  0x0800a5fc        0x0 linker stubs

.v4_bx          0x0800a5fc        0x0
 .v4_bx         0x0800a5fc        0x0 linker stubs

.iplt           0x0800a5fc        0x0
 .iplt          0x0800a5fc        0x0 C:/ST/STM32CubeIDE_1.10.1/STM32CubeIDE/plugins/com.st.stm32cube.ide.mcu.externaltools.gnu-tools-for-stm32.12.3.rel1.win32_1.0.100.202403111256/tools/bin/../lib/gcc/arm-none-eabi/12.3.1/thumb/v7e-m+fp/hard/crtbegin.o

.rodata         0x0800a5fc     0x1c24
                0x0800a5fc                        . = ALIGN (0x4)
 *(.rodata)
 *(.rodata*)
 .rodata.vTaskSwitchContext.str1.1
                0x0800a5fc       0x30 ./Core/Src/KernalThread.o
 .rodata.KernalTask.str1.1
                0x0800a62c       0x3c ./Core/Src/KernalThread.o
 .rodata.main.str1.1
                0x0800a668       0x15 ./Core/Src/main.o
 .rodata.APBPrescTable
                0x0800a67d        0x8 ./Core/Src/system_stm32f4xx.o
                0x0800a67d                APBPrescTable
 .rodata.AHBPrescTable
                0x0800a685       0x10 ./Core/Src/system_stm32f4xx.o
                0x0800a685                AHBPrescTable
 .rodata.flagBitshiftOffset.0
                0x0800a695        0x8 ./Drivers/STM32F4xx_HAL_Driver/Src/stm32f4xx_hal_dma.o
 .rodata.ethernetif_init.str1.1
                0x0800a69d       0x52 ./LWIP/Target/ethernetif.o
 *fill*         0x0800a6ef        0x1 
 .rodata.CSWTCH.23
                0x0800a6f0        0x8 ./LWIP/Target/ethernetif.o
 .rodata.CSWTCH.22
                0x0800a6f8        0x8 ./LWIP/Target/ethernetif.o
 .rodata.memp_RX_POOL
                0x0800a700        0xc ./LWIP/Target/ethernetif.o
                0x0800a700                memp_RX_POOL
 .rodata.mem_free.str1.1
                0x0800a70c      0x120 ./Middlewares/Third_Party/LwIP/src/core/mem.o
                                0x148 (size before relaxing)
 .rodata.mem_trim.str1.1
                0x0800a82c       0x48 ./Middlewares/Third_Party/LwIP/src/core/mem.o
 .rodata.mem_malloc.str1.1
                0x0800a874       0x9b ./Middlewares/Third_Party/LwIP/src/core/mem.o
 .rodata.do_memp_free_pool.str1.1
                0x0800a90f       0x50 ./Middlewares/Third_Party/LwIP/src/core/memp.o
                                 0x78 (size before relaxing)
 .rodata.do_memp_malloc_pool.isra.0.str1.1
                0x0800a95f       0x23 ./Middlewares/Third_Party/LwIP/src/core/memp.o
 .rodata.memp_malloc_pool.str1.1
                0x0800a982       0x12 ./Middlewares/Third_Party/LwIP/src/core/memp.o
 .rodata.memp_malloc.str1.1
                0x0800a994       0x1d ./Middlewares/Third_Party/LwIP/src/core/memp.o
 .rodata.memp_free.str1.1
                0x0800a9b1       0x1b ./Middlewares/Third_Party/LwIP/src/core/memp.o
 .rodata.memp_pools
                0x0800a9cc       0x24 ./Middlewares/Third_Party/LwIP/src/core/memp.o
                0x0800a9cc                memp_pools
 .rodata.memp_PBUF_POOL
                0x0800a9f0        0xc ./Middlewares/Third_Party/LwIP/src/core/memp.o
                0x0800a9f0                memp_PBUF_POOL
 .rodata.memp_PBUF
                0x0800a9fc        0xc ./Middlewares/Third_Party/LwIP/src/core/memp.o
                0x0800a9fc                memp_PBUF
 .rodata.memp_SYS_TIMEOUT
                0x0800aa08        0xc ./Middlewares/Third_Party/LwIP/src/core/memp.o
                0x0800aa08                memp_SYS_TIMEOUT
 .rodata.memp_FRAG_PBUF
                0x0800aa14        0xc ./Middlewares/Third_Party/LwIP/src/core/memp.o
                0x0800aa14                memp_FRAG_PBUF
 .rodata.memp_REASSDATA
                0x0800aa20        0xc ./Middlewares/Third_Party/LwIP/src/core/memp.o
                0x0800aa20                memp_REASSDATA
 .rodata.memp_TCP_SEG
                0x0800aa2c        0xc ./Middlewares/Third_Party/LwIP/src/core/memp.o
                0x0800aa2c                memp_TCP_SEG
 .rodata.memp_TCP_PCB_LISTEN
                0x0800aa38        0xc ./Middlewares/Third_Party/LwIP/src/core/memp.o
                0x0800aa38                memp_TCP_PCB_LISTEN
 .rodata.memp_TCP_PCB
                0x0800aa44        0xc ./Middlewares/Third_Party/LwIP/src/core/memp.o
                0x0800aa44                memp_TCP_PCB
 .rodata.memp_UDP_PCB
                0x0800aa50        0xc ./Middlewares/Third_Party/LwIP/src/core/memp.o
                0x0800aa50                memp_UDP_PCB
 .rodata.netif_issue_reports.str1.1
                0x0800aa5c       0x54 ./Middlewares/Third_Party/LwIP/src/core/netif.o
                                 0x7c (size before relaxing)
 .rodata.netif_add.str1.1
                0x0800aab0       0x7d ./Middlewares/Third_Party/LwIP/src/core/netif.o
 .rodata.netif_set_up.str1.1
                0x0800ab2d       0x1c ./Middlewares/Third_Party/LwIP/src/core/netif.o
 .rodata.netif_set_down.str1.1
                0x0800ab49       0x1e ./Middlewares/Third_Party/LwIP/src/core/netif.o
 .rodata.netif_set_link_up.str1.1
                0x0800ab67       0x21 ./Middlewares/Third_Party/LwIP/src/core/netif.o
 .rodata.netif_set_link_down.str1.1
                0x0800ab88       0x23 ./Middlewares/Third_Party/LwIP/src/core/netif.o
 .rodata.pbuf_add_header_impl.str1.1
                0x0800abab       0x30 ./Middlewares/Third_Party/LwIP/src/core/pbuf.o
                                 0x62 (size before relaxing)
 .rodata.pbuf_alloc_reference.str1.1
                0x0800abdb       0x12 ./Middlewares/Third_Party/LwIP/src/core/pbuf.o
 .rodata.pbuf_remove_header.str1.1
                0x0800abed       0x1e ./Middlewares/Third_Party/LwIP/src/core/pbuf.o
 .rodata.pbuf_free.str1.1
                0x0800ac0b       0x49 ./Middlewares/Third_Party/LwIP/src/core/pbuf.o
 .rodata.pbuf_alloc.str1.1
                0x0800ac54       0x1b ./Middlewares/Third_Party/LwIP/src/core/pbuf.o
 .rodata.pbuf_realloc.str1.1
                0x0800ac6f       0x4c ./Middlewares/Third_Party/LwIP/src/core/pbuf.o
 .rodata.pbuf_ref.str1.1
                0x0800acbb       0x12 ./Middlewares/Third_Party/LwIP/src/core/pbuf.o
 .rodata.pbuf_cat.str1.1
                0x0800accd       0x72 ./Middlewares/Third_Party/LwIP/src/core/pbuf.o
 .rodata.pbuf_copy.str1.1
                0x0800ad3f       0x99 ./Middlewares/Third_Party/LwIP/src/core/pbuf.o
 .rodata.pbuf_copy_partial.str1.1
                0x0800add8       0x42 ./Middlewares/Third_Party/LwIP/src/core/pbuf.o
 .rodata.pbuf_clone.str1.1
                0x0800ae1a       0x11 ./Middlewares/Third_Party/LwIP/src/core/pbuf.o
 .rodata.tcp_close_shutdown_fin.str1.1
                0x0800ae2b       0x3b ./Middlewares/Third_Party/LwIP/src/core/tcp.o
                                 0x63 (size before relaxing)
 .rodata.tcp_free.str1.1
                0x0800ae66       0x11 ./Middlewares/Third_Party/LwIP/src/core/tcp.o
 .rodata.tcp_update_rcv_ann_wnd.str1.1
                0x0800ae77       0x3e ./Middlewares/Third_Party/LwIP/src/core/tcp.o
 .rodata.tcp_recved.str1.1
                0x0800aeb5       0x3e ./Middlewares/Third_Party/LwIP/src/core/tcp.o
 .rodata.tcp_seg_copy.str1.1
                0x0800aef3       0x1a ./Middlewares/Third_Party/LwIP/src/core/tcp.o
 .rodata.tcp_next_iss.str1.1
                0x0800af0d       0x1a ./Middlewares/Third_Party/LwIP/src/core/tcp.o
 .rodata.tcp_eff_send_mss_netif.str1.1
                0x0800af27       0x27 ./Middlewares/Third_Party/LwIP/src/core/tcp.o
 .rodata.tcp_pcb_purge.str1.1
                0x0800af4e       0x1b ./Middlewares/Third_Party/LwIP/src/core/tcp.o
 .rodata.tcp_pcb_remove.str1.1
                0x0800af69       0x84 ./Middlewares/Third_Party/LwIP/src/core/tcp.o
 .rodata.tcp_abandon.str1.1
                0x0800afed       0x4a ./Middlewares/Third_Party/LwIP/src/core/tcp.o
 .rodata.tcp_netif_ip_addr_changed_pcblist.str1.1
                0x0800b037       0x34 ./Middlewares/Third_Party/LwIP/src/core/tcp.o
 .rodata.tcp_close_shutdown.str1.1
                0x0800b06b       0x52 ./Middlewares/Third_Party/LwIP/src/core/tcp.o
 .rodata.tcp_close.str1.1
                0x0800b0bd       0x17 ./Middlewares/Third_Party/LwIP/src/core/tcp.o
 .rodata.tcp_recv_null.str1.1
                0x0800b0d4       0x1b ./Middlewares/Third_Party/LwIP/src/core/tcp.o
 .rodata.tcp_process_refused_data.str1.1
                0x0800b0ef       0x26 ./Middlewares/Third_Party/LwIP/src/core/tcp.o
 .rodata.tcp_slowtmr.str1.1
                0x0800b115      0x1b9 ./Middlewares/Third_Party/LwIP/src/core/tcp.o
 *fill*         0x0800b2ce        0x2 
 .rodata.tcp_pcb_lists
                0x0800b2d0       0x10 ./Middlewares/Third_Party/LwIP/src/core/tcp.o
                0x0800b2d0                tcp_pcb_lists
 .rodata.tcp_persist_backoff
                0x0800b2e0        0x7 ./Middlewares/Third_Party/LwIP/src/core/tcp.o
 .rodata.tcp_backoff
                0x0800b2e7        0xd ./Middlewares/Third_Party/LwIP/src/core/tcp.o
 .rodata.tcp_oos_insert_segment.str1.1
                0x0800b2f4       0x57 ./Middlewares/Third_Party/LwIP/src/core/tcp_in.o
                                 0x7f (size before relaxing)
 .rodata.tcp_parseopt.str1.1
                0x0800b34b       0x1a ./Middlewares/Third_Party/LwIP/src/core/tcp_in.o
 .rodata.tcp_free_acked_segments.constprop.0.str1.1
                0x0800b365       0x48 ./Middlewares/Third_Party/LwIP/src/core/tcp_in.o
 .rodata.tcp_receive.str1.1
                0x0800b3ad       0xfe ./Middlewares/Third_Party/LwIP/src/core/tcp_in.o
 .rodata.tcp_input.str1.1
                0x0800b4ab      0x1ce ./Middlewares/Third_Party/LwIP/src/core/tcp_in.o
 .rodata.tcp_output_segment_busy.str1.1
                0x0800b679       0x58 ./Middlewares/Third_Party/LwIP/src/core/tcp_out.o
                                 0x80 (size before relaxing)
 .rodata.tcp_create_segment.str1.1
                0x0800b6d1       0x56 ./Middlewares/Third_Party/LwIP/src/core/tcp_out.o
 .rodata.tcp_output_alloc_header_common.constprop.0.str1.1
                0x0800b727       0x2e ./Middlewares/Third_Party/LwIP/src/core/tcp_out.o
 .rodata.tcp_output_alloc_header.constprop.0.str1.1
                0x0800b755       0x25 ./Middlewares/Third_Party/LwIP/src/core/tcp_out.o
 .rodata.tcp_output_fill_options.constprop.0.str1.1
                0x0800b77a       0x26 ./Middlewares/Third_Party/LwIP/src/core/tcp_out.o
 .rodata.tcp_output_control_segment.str1.1
                0x0800b7a0       0x29 ./Middlewares/Third_Party/LwIP/src/core/tcp_out.o
 .rodata.tcp_split_unsent_seg.str1.1
                0x0800b7c9       0x5f ./Middlewares/Third_Party/LwIP/src/core/tcp_out.o
 .rodata.tcp_enqueue_flags.str1.1
                0x0800b828      0x117 ./Middlewares/Third_Party/LwIP/src/core/tcp_out.o
 .rodata.tcp_send_fin.str1.1
                0x0800b93f       0x1a ./Middlewares/Third_Party/LwIP/src/core/tcp_out.o
 .rodata.tcp_rexmit_rto_prepare.str1.1
                0x0800b959       0x24 ./Middlewares/Third_Party/LwIP/src/core/tcp_out.o
 .rodata.tcp_rexmit.str1.1
                0x0800b97d       0x18 ./Middlewares/Third_Party/LwIP/src/core/tcp_out.o
 .rodata.tcp_rexmit_fast.str1.1
                0x0800b995       0x1d ./Middlewares/Third_Party/LwIP/src/core/tcp_out.o
 .rodata.tcp_rst.str1.1
                0x0800b9b2       0x35 ./Middlewares/Third_Party/LwIP/src/core/tcp_out.o
 .rodata.tcp_send_empty_ack.str1.1
                0x0800b9e7       0x20 ./Middlewares/Third_Party/LwIP/src/core/tcp_out.o
 .rodata.tcp_output.str1.1